Component: ARM Compiler 6.14 Tool: armlink [5db06800]

==============================================================================

Section Cross References

    my_usart.o(.text.fputc) refers to stm32f10x_usart.o(.text.USART_SendData) for USART_SendData
    my_usart.o(.text.fputc) refers to stm32f10x_usart.o(.text.USART_GetFlagStatus) for USART_GetFlagStatus
    my_usart.o(.ARM.exidx.text.fputc) refers to my_usart.o(.text.fputc) for [Anonymous Symbol]
    my_usart.o(.text.usart1_cfg_A9A10) refers to stm32f10x_rcc.o(.text.RCC_APB2PeriphClockCmd) for RCC_APB2PeriphClockCmd
    my_usart.o(.text.usart1_cfg_A9A10) refers to stm32f10x_gpio.o(.text.GPIO_Init) for GPIO_Init
    my_usart.o(.text.usart1_cfg_A9A10) refers to stm32f10x_usart.o(.text.USART_Init) for USART_Init
    my_usart.o(.text.usart1_cfg_A9A10) refers to stm32f10x_usart.o(.text.USART_ClearFlag) for USART_ClearFlag
    my_usart.o(.text.usart1_cfg_A9A10) refers to stm32f10x_usart.o(.text.USART_ITConfig) for USART_ITConfig
    my_usart.o(.text.usart1_cfg_A9A10) refers to my_usart.o(.text.__NVIC_EnableIRQ) for __NVIC_EnableIRQ
    my_usart.o(.text.usart1_cfg_A9A10) refers to my_usart.o(.text.__NVIC_SetPriority) for __NVIC_SetPriority
    my_usart.o(.text.usart1_cfg_A9A10) refers to stm32f10x_usart.o(.text.USART_Cmd) for USART_Cmd
    my_usart.o(.text.usart1_cfg_A9A10) refers to stm32f10x_usart.o(.text.USART_GetFlagStatus) for USART_GetFlagStatus
    my_usart.o(.text.usart1_cfg_A9A10) refers to stm32f10x_usart.o(.text.USART_ReceiveData) for USART_ReceiveData
    my_usart.o(.text.usart1_cfg_A9A10) refers to my_usart.o(.bss.RX_available) for RX_available
    my_usart.o(.text.usart1_cfg_A9A10) refers to my_usart.o(.bss.RX_index) for RX_index
    my_usart.o(.text.usart1_cfg_A9A10) refers to my_usart.o(.bss.receive_length) for receive_length
    my_usart.o(.ARM.exidx.text.usart1_cfg_A9A10) refers to my_usart.o(.text.usart1_cfg_A9A10) for [Anonymous Symbol]
    my_usart.o(.ARM.exidx.text.__NVIC_EnableIRQ) refers to my_usart.o(.text.__NVIC_EnableIRQ) for [Anonymous Symbol]
    my_usart.o(.ARM.exidx.text.__NVIC_SetPriority) refers to my_usart.o(.text.__NVIC_SetPriority) for [Anonymous Symbol]
    my_usart.o(.text.USART1_IRQHandler) refers to stm32f10x_usart.o(.text.USART_GetITStatus) for USART_GetITStatus
    my_usart.o(.text.USART1_IRQHandler) refers to stm32f10x_usart.o(.text.USART_ReceiveData) for USART_ReceiveData
    my_usart.o(.text.USART1_IRQHandler) refers to my_usart.o(.bss.RX_index) for RX_index
    my_usart.o(.text.USART1_IRQHandler) refers to my_usart.o(.bss.receive_length) for receive_length
    my_usart.o(.text.USART1_IRQHandler) refers to my_usart.o(.bss.RX_Buffer) for RX_Buffer
    my_usart.o(.text.USART1_IRQHandler) refers to my_usart.o(.bss.RX_available) for RX_available
    my_usart.o(.text.USART1_IRQHandler) refers to stm32f10x_usart.o(.text.USART_ClearITPendingBit) for USART_ClearITPendingBit
    my_usart.o(.ARM.exidx.text.USART1_IRQHandler) refers to my_usart.o(.text.USART1_IRQHandler) for [Anonymous Symbol]
    my_usart.o(.text.uart_handle_command) refers to my_usart.o(.bss.RX_available) for RX_available
    my_usart.o(.text.uart_handle_command) refers to my_usart.o(.text.printf_string) for printf_string
    my_usart.o(.text.uart_handle_command) refers to my_usart.o(.bss.RX_Buffer) for RX_Buffer
    my_usart.o(.text.uart_handle_command) refers to memcmp.o(.text) for memcmp
    my_usart.o(.text.uart_handle_command) refers to my_usart.o(.rodata.str1.1) for .L.str.8
    my_usart.o(.text.uart_handle_command) refers to atoi.o(.text) for atoi
    my_usart.o(.text.uart_handle_command) refers to my_usart.o(.data.light_threshold) for light_threshold
    my_usart.o(.text.uart_handle_command) refers to my_usart.o(.bss.light) for light
    my_usart.o(.text.uart_handle_command) refers to my_usart.o(.text.printf_num) for printf_num
    my_usart.o(.text.uart_handle_command) refers to my_usart.o(.bss.receive_length) for receive_length
    my_usart.o(.text.uart_handle_command) refers to my_usart.o(.bss.RX_index) for RX_index
    my_usart.o(.ARM.exidx.text.uart_handle_command) refers to my_usart.o(.text.uart_handle_command) for [Anonymous Symbol]
    my_usart.o(.text.printf_string) refers to my_usart.o(.text.send_char) for send_char
    my_usart.o(.text.printf_string) refers to stm32f10x_usart.o(.text.USART_GetFlagStatus) for USART_GetFlagStatus
    my_usart.o(.ARM.exidx.text.printf_string) refers to my_usart.o(.text.printf_string) for [Anonymous Symbol]
    my_usart.o(.text.printf_num) refers to my_usart.o(.text.convert_int_to_char) for convert_int_to_char
    my_usart.o(.text.printf_num) refers to my_usart.o(.text.send_char) for send_char
    my_usart.o(.text.printf_num) refers to stm32f10x_usart.o(.text.USART_GetFlagStatus) for USART_GetFlagStatus
    my_usart.o(.ARM.exidx.text.printf_num) refers to my_usart.o(.text.printf_num) for [Anonymous Symbol]
    my_usart.o(.text.send_char) refers to stm32f10x_usart.o(.text.USART_SendData) for USART_SendData
[...]
    ../clib/memcpset.s                       0x00000000   Number         0  strcmpv7m.o ABSOLUTE
    ../clib/memcpset.s                       0x00000000   Number         0  rt_memclr_w.o ABSOLUTE
    ../clib/memcpset.s                       0x00000000   Number         0  rt_memcpy_w.o ABSOLUTE
    ../clib/scanf.c                          0x00000000   Number         0  atoi.o ABSOLUTE
    ../clib/scanf.c                          0x00000000   Number         0  strtol.o ABSOLUTE
    ../clib/scanf.c                          0x00000000   Number         0  _strtoul.o ABSOLUTE
    ../clib/scanf.c                          0x00000000   Number         0  _chval.o ABSOLUTE
    ../clib/signal.c                         0x00000000   Number         0  defsig_rtred_outer.o ABSOLUTE
    ../clib/signal.c                         0x00000000   Number         0  defsig_rtred_formal.o ABSOLUTE
    ../clib/signal.c                         0x00000000   Number         0  defsig_exit.o ABSOLUTE
    ../clib/signal.c                         0x00000000   Number         0  defsig_rtred_inner.o ABSOLUTE
    ../clib/signal.c                         0x00000000   Number         0  __raise.o ABSOLUTE
    ../clib/signal.c                         0x00000000   Number         0  defsig_general.o ABSOLUTE
    ../clib/signal.c                         0x00000000   Number         0  defsig_rtmem_outer.o ABSOLUTE
    ../clib/signal.c                         0x00000000   Number         0  defsig_rtmem_formal.o ABSOLUTE
    ../clib/signal.c                         0x00000000   Number         0  defsig_rtmem_inner.o ABSOLUTE
    ../clib/signal.c                         0x00000000   Number         0  defsig_abrt_inner.o ABSOLUTE
    ../clib/signal.c                         0x00000000   Number         0  defsig_fpe_inner.o ABSOLUTE
    ../clib/signal.c                         0x00000000   Number         0  defsig_stak_inner.o ABSOLUTE
    ../clib/signal.c                         0x00000000   Number         0  defsig_pvfn_inner.o ABSOLUTE
    ../clib/signal.c                         0x00000000   Number         0  defsig_cppl_inner.o ABSOLUTE
    ../clib/signal.c                         0x00000000   Number         0  defsig_segv_inner.o ABSOLUTE
    ../clib/signal.c                         0x00000000   Number         0  defsig_other.o ABSOLUTE
    ../clib/signal.s                         0x00000000   Number         0  defsig.o ABSOLUTE
    ../clib/stdio.c                          0x00000000   Number         0  puts.o ABSOLUTE
    ../clib/stdio.c                          0x00000000   Number         0  stdio_streams.o ABSOLUTE
    ../clib/stdio.c                          0x00000000   Number         0  initio.o ABSOLUTE
    ../clib/stdio.c                          0x00000000   Number         0  initio_locked.o ABSOLUTE
    ../clib/stdio.c                          0x00000000   Number         0  setvbuf.o ABSOLUTE
    ../clib/stdio.c                          0x00000000   Number         0  streamlock.o ABSOLUTE
    ../clib/stdio.c                          0x00000000   Number         0  fopen.o ABSOLUTE
    ../clib/stdio.c                          0x00000000   Number         0  fclose.o ABSOLUTE
    ../clib/stdio.c                          0x00000000   Number         0  setvbuf_locked.o ABSOLUTE
    ../clib/stdio.c                          0x00000000   Number         0  fopen_locked.o ABSOLUTE
    ../clib/stdio.c                          0x00000000   Number         0  fseek.o ABSOLUTE
    ../clib/stdio.c                          0x00000000   Number         0  stdio.o ABSOLUTE
    ../clib/stdio.c                          0x00000000   Number         0  ftell.o ABSOLUTE
    ../clib/stdlib.c                         0x00000000   Number         0  exit.o ABSOLUTE
    ../clib/string.c                         0x00000000   Number         0  memcmp.o ABSOLUTE
    ../fplib/ddiv.s                          0x00000000   Number         0  ddiv.o ABSOLUTE
    ../fplib/dfix.s                          0x00000000   Number         0  dfix.o ABSOLUTE
    ../fplib/dflt.s                          0x00000000   Number         0  dflt_clz.o ABSOLUTE
    ../fplib/dnaninf.s                       0x00000000   Number         0  dnaninf.o ABSOLUTE
    ../fplib/dretinf.s                       0x00000000   Number         0  dretinf.o ABSOLUTE
    ../fplib/faddsub.s                       0x00000000   Number         0  faddsub_clz.o ABSOLUTE
    ../fplib/fcmp.s                          0x00000000   Number         0  fcmp.o ABSOLUTE
    ../fplib/fcmpi.s                         0x00000000   Number         0  fcmpi.o ABSOLUTE
    ../fplib/feqf.s                          0x00000000   Number         0  feqf.o ABSOLUTE
    ../fplib/ffix.s                          0x00000000   Number         0  ffix.o ABSOLUTE
    ../fplib/fflt.s                          0x00000000   Number         0  fflt_clz.o ABSOLUTE
    ../fplib/fgeqf.s                         0x00000000   Number         0  fgeqf.o ABSOLUTE
    ../fplib/fleqf.s                         0x00000000   Number         0  fleqf.o ABSOLUTE
    ../fplib/fmul.s                          0x00000000   Number         0  fmul.o ABSOLUTE
    ../fplib/fnaninf.s                       0x00000000   Number         0  fnaninf.o ABSOLUTE
    ../fplib/fpinit.s                        0x00000000   Number         0  fpinit.o ABSOLUTE
    ../fplib/fpinit_empty.s                  0x00000000   Number         0  fpinit_empty.o ABSOLUTE
    ../fplib/fretinf.s                       0x00000000   Number         0  fretinf.o ABSOLUTE
    ../fplib/usenofp.s                       0x00000000   Number         0  usenofp.o ABSOLUTE
    My_usart.c                               0x00000000   Number         0  my_usart.o ABSOLUTE
    RTE\Device\STM32F103C8\startup_stm32f10x_md.s 0x00000000   Number         0  startup_stm32f10x_md.o ABSOLUTE
    bh1750.c                                 0x00000000   Number         0  bh1750.o ABSOLUTE
    dc.s                                     0x00000000   Number         0  dc.o ABSOLUTE
    i2c_lcd.c                                0x00000000   Number         0  i2c_lcd.o ABSOLUTE
    main.c                                   0x00000000   Number         0  main.o ABSOLUTE
    misc.c                                   0x00000000   Number         0  misc.o ABSOLUTE
    retarget_io.c                            0x00000000   Number         0  retarget_io.o ABSOLUTE
    stm32f10x_flash.c                        0x00000000   Number         0  stm32f10x_flash.o ABSOLUTE
    stm32f10x_gpio.c                         0x00000000   Number         0  stm32f10x_gpio.o ABSOLUTE
    stm32f10x_i2c.c                          0x00000000   Number         0  stm32f10x_i2c.o ABSOLUTE
    stm32f10x_rcc.c                          0x00000000   Number         0  stm32f10x_rcc.o ABSOLUTE
    stm32f10x_tim.c                          0x00000000   Number         0  stm32f10x_tim.o ABSOLUTE
    stm32f10x_usart.c                        0x00000000   Number         0  stm32f10x_usart.o ABSOLUTE
    system_stm32f10x.c                       0x00000000   Number         0  system_stm32f10x.o ABSOLUTE
    tim2.c                                   0x00000000   Number         0  tim2.o ABSOLUTE
    RESET                                    0x08000000   Section      236  startup_stm32f10x_md.o(RESET)
    !!!main                                  0x080000ec   Section        8  __main.o(!!!main)
    !!!scatter                               0x080000f4   Section       52  __scatter.o(!!!scatter)
    !!handler_copy                           0x08000128   Section       26  __scatter_copy.o(!!handler_copy)
    !!handler_zi                             0x08000144   Section       28  __scatter_zi.o(!!handler_zi)
    .ARM.Collect$$libinit$$00000000          0x08000160   Section        2  libinit.o(.ARM.Collect$$libinit$$00000000)
    .ARM.Collect$$libinit$$00000002          0x08000162   Section        0  libinit2.o(.ARM.Collect$$libinit$$00000002)
    .ARM.Collect$$libinit$$00000004          0x08000162   Section        0  libinit2.o(.ARM.Collect$$libinit$$00000004)
    .ARM.Collect$$libinit$$00000005          0x08000162   Section        8  libinit2.o(.ARM.Collect$$libinit$$00000005)
    .ARM.Collect$$libinit$$0000000A          0x0800016a   Section        0  libinit2.o(.ARM.Collect$$libinit$$0000000A)
    .ARM.Collect$$libinit$$0000000C          0x0800016a   Section        0  libinit2.o(.ARM.Collect$$libinit$$0000000C)
    .ARM.Collect$$libinit$$0000000E          0x0800016a   Section        0  libinit2.o(.ARM.Collect$$libinit$$0000000E)
    .ARM.Collect$$libinit$$0000000F          0x0800016a   Section        6  libinit2.o(.ARM.Collect$$libinit$$0000000F)
    .ARM.Collect$$libinit$$00000011          0x08000170   Section        0  libinit2.o(.ARM.Collect$$libinit$$00000011)
    .ARM.Collect$$libinit$$00000012          0x08000170   Section       12  libinit2.o(.ARM.Collect$$libinit$$00000012)
    .ARM.Collect$$libinit$$00000013          0x0800017c   Section        0  libinit2.o(.ARM.Collect$$libinit$$00000013)
    .ARM.Collect$$libinit$$00000015          0x0800017c   Section        0  libinit2.o(.ARM.Collect$$libinit$$00000015)
    .ARM.Collect$$libinit$$00000017          0x0800017c   Section        0  libinit2.o(.ARM.Collect$$libinit$$00000017)
    .ARM.Collect$$libinit$$00000019          0x0800017c   Section        0  libinit2.o(.ARM.Collect$$libinit$$00000019)
    .ARM.Collect$$libinit$$0000001B          0x0800017c   Section        0  libinit2.o(.ARM.Collect$$libinit$$0000001B)
    .ARM.Collect$$libinit$$0000001D          0x0800017c   Section        0  libinit2.o(.ARM.Collect$$libinit$$0000001D)
    .ARM.Collect$$libinit$$0000001F          0x0800017c   Section        0  libinit2.o(.ARM.Collect$$libinit$$0000001F)
    .ARM.Collect$$libinit$$00000021          0x0800017c   Section        0  libinit2.o(.ARM.Collect$$libinit$$00000021)
    .ARM.Collect$$libinit$$00000023          0x0800017c   Section        0  libinit2.o(.ARM.Collect$$libinit$$00000023)
    .ARM.Collect$$libinit$$00000024          0x0800017c   Section        4  libinit2.o(.ARM.Collect$$libinit$$00000024)
    .ARM.Collect$$libinit$$00000025          0x08000180   Section        0  libinit2.o(.ARM.Collect$$libinit$$00000025)
    .ARM.Collect$$libinit$$0000002C          0x08000180   Section        0  libinit2.o(.ARM.Collect$$libinit$$0000002C)
    .ARM.Collect$$libinit$$0000002E          0x08000180   Section        0  libinit2.o(.ARM.Collect$$libinit$$0000002E)
    .ARM.Collect$$libinit$$00000030          0x08000180   Section        0  libinit2.o(.ARM.Collect$$libinit$$00000030)
    .ARM.Collect$$libinit$$00000032          0x08000180   Section        0  libinit2.o(.ARM.Collect$$libinit$$00000032)
    .ARM.Collect$$libinit$$00000033          0x08000180   Section        2  libinit2.o(.ARM.Collect$$libinit$$00000033)
    .ARM.Collect$$libshutdown$$00000000      0x08000182   Section        2  libshutdown.o(.ARM.Collect$$libshutdown$$00000000)
    .ARM.Collect$$libshutdown$$00000002      0x08000184   Section        0  libshutdown2.o(.ARM.Collect$$libshutdown$$00000002)
    .ARM.Collect$$libshutdown$$00000003      0x08000184   Section        4  libshutdown2.o(.ARM.Collect$$libshutdown$$00000003)
    .ARM.Collect$$libshutdown$$00000004      0x08000188   Section        0  libshutdown2.o(.ARM.Collect$$libshutdown$$00000004)
    .ARM.Collect$$libshutdown$$00000007      0x08000188   Section        0  libshutdown2.o(.ARM.Collect$$libshutdown$$00000007)
    .ARM.Collect$$libshutdown$$0000000A      0x08000188   Section        0  libshutdown2.o(.ARM.Collect$$libshutdown$$0000000A)
    .ARM.Collect$$libshutdown$$0000000C      0x08000188   Section        0  libshutdown2.o(.ARM.Collect$$libshutdown$$0000000C)
    .ARM.Collect$$libshutdown$$0000000F      0x08000188   Section        0  libshutdown2.o(.ARM.Collect$$libshutdown$$0000000F)
    .ARM.Collect$$libshutdown$$00000010      0x08000188   Section        2  libshutdown2.o(.ARM.Collect$$libshutdown$$00000010)
    .ARM.Collect$$rtentry$$00000000          0x0800018a   Section        0  __rtentry.o(.ARM.Collect$$rtentry$$00000000)
    .ARM.Collect$$rtentry$$00000002          0x0800018a   Section        0  __rtentry2.o(.ARM.Collect$$rtentry$$00000002)
    .ARM.Collect$$rtentry$$00000004          0x0800018a   Section        6  __rtentry4.o(.ARM.Collect$$rtentry$$00000004)
    .ARM.Collect$$rtentry$$00000009          0x08000190   Section        0  __rtentry2.o(.ARM.Collect$$rtentry$$00000009)
    .ARM.Collect$$rtentry$$0000000A          0x08000190   Section        4  __rtentry2.o(.ARM.Collect$$rtentry$$0000000A)
    .ARM.Collect$$rtentry$$0000000C          0x08000194   Section        0  __rtentry2.o(.ARM.Collect$$rtentry$$0000000C)
    .ARM.Collect$$rtentry$$0000000D          0x08000194   Section        8  __rtentry2.o(.ARM.Collect$$rtentry$$0000000D)
    .ARM.Collect$$rtexit$$00000000           0x0800019c   Section        2  rtexit.o(.ARM.Collect$$rtexit$$00000000)
    .ARM.Collect$$rtexit$$00000002           0x0800019e   Section        0  rtexit2.o(.ARM.Collect$$rtexit$$00000002)
    .ARM.Collect$$rtexit$$00000003           0x0800019e   Section        4  rtexit2.o(.ARM.Collect$$rtexit$$00000003)
    .ARM.Collect$$rtexit$$00000004           0x080001a2   Section        6  rtexit2.o(.ARM.Collect$$rtexit$$00000004)
    .text                                    0x080001a8   Section       64  startup_stm32f10x_md.o(.text)
    .text                                    0x080001e8   Section        0  atoi.o(.text)
    .text                                    0x08000204   Section        0  puts.o(.text)
    .text                                    0x08000230   Section        0  memcmp.o(.text)
    .text                                    0x08000288   Section      128  strcmpv7m.o(.text)
    .text                                    0x08000308   Section        0  heapauxi.o(.text)
    .text                                    0x08000310   Section        8  rt_errno_addr_intlibspace.o(.text)
    .text                                    0x08000318   Section        0  strtol.o(.text)
    .text                                    0x08000388   Section        8  libspace.o(.text)
    .text                                    0x08000390   Section       16  rt_ctype_table.o(.text)
    .text                                    0x080003a0   Section        0  _strtoul.o(.text)
    .text                                    0x08000440   Section        0  initio.o(.text)
    .text                                    0x08000578   Section       74  sys_stackheap_outer.o(.text)
    .text                                    0x080005c4   Section        8  rt_locale_intlibspace.o(.text)
    .text                                    0x080005cc   Section        0  h1_free.o(.text)
    .text                                    0x0800061a   Section        0  _chval.o(.text)
    .text                                    0x08000636   Section        0  setvbuf.o(.text)
    _freopen_locked                          0x0800067d   Thumb Code     0  fopen.o(.text)
    .text                                    0x0800067c   Section        0  fopen.o(.text)
    .text                                    0x0800076c   Section        0  fclose.o(.text)
    .text                                    0x080007b8   Section        0  exit.o(.text)
    .text                                    0x080007ca   Section        0  defsig_rtred_outer.o(.text)
    .text                                    0x080007d8   Section       78  rt_memclr_w.o(.text)
    .text                                    0x08000828   Section        8  rt_heap_descriptor_intlibspace.o(.text)
    .text                                    0x08000830   Section        0  hguard.o(.text)
    .text                                    0x08000834   Section        0  init_alloc.o(.text)
    .text                                    0x080008be   Section        0  h1_alloc.o(.text)
    .text                                    0x0800091c   Section        0  fseek.o(.text)
    .text                                    0x08000a14   Section        0  stdio.o(.text)
    .text                                    0x08000b04   Section        0  defsig_exit.o(.text)
    .text                                    0x08000b10   Section        0  defsig_rtred_inner.o(.text)
    .text                                    0x08000b44   Section        0  sys_exit.o(.text)
    .text                                    0x08000b50   Section        0  maybetermalloc1.o(.text)
    .text                                    0x08000b50   Section        0  h1_init.o(.text)
    .text                                    0x08000b5e   Section        0  h1_extend.o(.text)
    .text                                    0x08000b92   Section        0  ftell.o(.text)
    .text                                    0x08000bd4   Section        0  defsig_general.o(.text)
    .text                                    0x08000c06   Section        0  defsig_rtmem_outer.o(.text)
    .text                                    0x08000c14   Section        2  use_no_semi.o(.text)
    .text                                    0x08000c16   Section        0  indicate_semi.o(.text)
    .text                                    0x08000c18   Section        0  defsig_rtmem_inner.o(.text)
    [Anonymous Symbol]                       0x08000c68   Section        0  bh1750.o(.text.BH1750_ReadLight)
    [Anonymous Symbol]                       0x08000cc4   Section        0  tim2.o(.text.Delay_ms)
    [Anonymous Symbol]                       0x08000cdc   Section        0  stm32f10x_gpio.o(.text.GPIO_Init)
    [Anonymous Symbol]                       0x08000d8c   Section        0  stm32f10x_gpio.o(.text.GPIO_ResetBits)
    [Anonymous Symbol]                       0x08000d90   Section        0  stm32f10x_gpio.o(.text.GPIO_SetBits)
    [Anonymous Symbol]                       0x08000d94   Section        0  i2c_lcd.o(.text.I2C2_LCD_Init)
    [Anonymous Symbol]                       0x08000df4   Section        0  i2c_lcd.o(.text.I2C2_Scan_Address)
    [Anonymous Symbol]                       0x08000f24   Section        0  i2c_lcd.o(.text.I2C2_Send_Address)
    [Anonymous Symbol]                       0x08000f40   Section        0  i2c_lcd.o(.text.I2C2_Send_Data)
    [Anonymous Symbol]                       0x08000f54   Section        0  i2c_lcd.o(.text.I2C2_Send_Start)
    [Anonymous Symbol]                       0x08000f6c   Section        0  i2c_lcd.o(.text.I2C2_Send_Stop)
    [Anonymous Symbol]                       0x08000f80   Section        0  stm32f10x_i2c.o(.text.I2C_AcknowledgeConfig)
    [Anonymous Symbol]                       0x08000f94   Section        0  stm32f10x_i2c.o(.text.I2C_CheckEvent)
    [Anonymous Symbol]                       0x08000fac   Section        0  stm32f10x_i2c.o(.text.I2C_Cmd)
    [Anonymous Symbol]                       0x08000fc0   Section        0  stm32f10x_i2c.o(.text.I2C_GenerateSTART)
    [Anonymous Symbol]                       0x08000fd4   Section        0  stm32f10x_i2c.o(.text.I2C_GenerateSTOP)
    [Anonymous Symbol]                       0x08000fe8   Section        0  stm32f10x_i2c.o(.text.I2C_Init)
    [Anonymous Symbol]                       0x080010b4   Section        0  stm32f10x_i2c.o(.text.I2C_ReceiveData)
    [Anonymous Symbol]                       0x080010bc   Section        0  stm32f10x_i2c.o(.text.I2C_Send7bitAddress)
    [Anonymous Symbol]                       0x080010cc   Section        0  stm32f10x_i2c.o(.text.I2C_SendData)
    [Anonymous Symbol]                       0x080010d0   Section        0  i2c_lcd.o(.text.LCD_Clear)
    [Anonymous Symbol]                       0x080010e0   Section        0  i2c_lcd.o(.text.LCD_Control_Write)
    [Anonymous Symbol]                       0x0800111c   Section        0  i2c_lcd.o(.text.LCD_Data_Write)
    [Anonymous Symbol]                       0x0800115c   Section        0  i2c_lcd.o(.text.LCD_Init)
    [Anonymous Symbol]                       0x080011f4   Section        0  i2c_lcd.o(.text.LCD_Send_Number)
    [Anonymous Symbol]                       0x08001254   Section        0  i2c_lcd.o(.text.LCD_Send_String)
    [Anonymous Symbol]                       0x08001270   Section        0  i2c_lcd.o(.text.LCD_Set_Cursor)
    [Anonymous Symbol]                       0x08001288   Section        0  i2c_lcd.o(.text.LCD_Write_byte)
    [Anonymous Symbol]                       0x080012ac   Section        0  stm32f10x_rcc.o(.text.RCC_APB1PeriphClockCmd)
    [Anonymous Symbol]                       0x080012c4   Section        0  stm32f10x_rcc.o(.text.RCC_APB2PeriphClockCmd)
    [Anonymous Symbol]                       0x080012dc   Section        0  stm32f10x_rcc.o(.text.RCC_GetClocksFreq)
    [Anonymous Symbol]                       0x0800137c   Section        0  main.o(.text.Run_Sys)
    SetSysClock                              0x08001461   Thumb Code     8  system_stm32f10x.o(.text.SetSysClock)
    [Anonymous Symbol]                       0x08001460   Section        0  system_stm32f10x.o(.text.SetSysClock)
    SetSysClockTo72                          0x08001469   Thumb Code   190  system_stm32f10x.o(.text.SetSysClockTo72)
    [Anonymous Symbol]                       0x08001468   Section        0  system_stm32f10x.o(.text.SetSysClockTo72)
    [Anonymous Symbol]                       0x08001528   Section        0  system_stm32f10x.o(.text.SystemInit)
    [Anonymous Symbol]                       0x08001580   Section        0  tim2.o(.text.TIM2_IRQHandler)
    [Anonymous Symbol]                       0x080015a8   Section        0  tim2.o(.text.Timer2_Init)
    [Anonymous Symbol]                       0x080015e8   Section        0  my_usart.o(.text.USART1_IRQHandler)
    [Anonymous Symbol]                       0x08001658   Section        0  stm32f10x_usart.o(.text.USART_ClearFlag)
    [Anonymous Symbol]                       0x08001660   Section        0  stm32f10x_usart.o(.text.USART_ClearITPendingBit)
    [Anonymous Symbol]                       0x08001670   Section        0  stm32f10x_usart.o(.text.USART_Cmd)
    [Anonymous Symbol]                       0x08001684   Section        0  stm32f10x_usart.o(.text.USART_GetFlagStatus)
    [Anonymous Symbol]                       0x08001690   Section        0  stm32f10x_usart.o(.text.USART_GetITStatus)
    [Anonymous Symbol]                       0x080016cc   Section        0  stm32f10x_usart.o(.text.USART_ITConfig)
    [Anonymous Symbol]                       0x080016fc   Section        0  stm32f10x_usart.o(.text.USART_Init)
    [Anonymous Symbol]                       0x080017b0   Section        0  stm32f10x_usart.o(.text.USART_ReceiveData)
    [Anonymous Symbol]                       0x080017b8   Section        0  stm32f10x_usart.o(.text.USART_SendData)
    __NVIC_EnableIRQ                         0x080017c1   Thumb Code    14  my_usart.o(.text.__NVIC_EnableIRQ)
    [Anonymous Symbol]                       0x080017c0   Section        0  my_usart.o(.text.__NVIC_EnableIRQ)
    __NVIC_EnableIRQ                         0x080017d1   Thumb Code    16  tim2.o(.text.__NVIC_EnableIRQ)
    [Anonymous Symbol]                       0x080017d0   Section        0  tim2.o(.text.__NVIC_EnableIRQ)
    __NVIC_SetPriority                       0x080017e1   Thumb Code    14  my_usart.o(.text.__NVIC_SetPriority)
    [Anonymous Symbol]                       0x080017e0   Section        0  my_usart.o(.text.__NVIC_SetPriority)
    __NVIC_SetPriority                       0x080017f1   Thumb Code    14  tim2.o(.text.__NVIC_SetPriority)
    [Anonymous Symbol]                       0x080017f0   Section        0  tim2.o(.text.__NVIC_SetPriority)
    [Anonymous Symbol]                       0x08001800   Section        0  retarget_io.o(.text._sys_close)
    [Anonymous Symbol]                       0x08001814   Section        0  retarget_io.o(.text._sys_flen)
    [Anonymous Symbol]                       0x08001818   Section        0  retarget_io.o(.text._sys_istty)
    [Anonymous Symbol]                       0x08001828   Section        0  retarget_io.o(.text._sys_open)
    [Anonymous Symbol]                       0x0800188c   Section        0  retarget_io.o(.text._sys_seek)
    [Anonymous Symbol]                       0x08001894   Section        0  retarget_io.o(.text._sys_write)
    [Anonymous Symbol]                       0x080018c0   Section        0  retarget_io.o(.text._ttywrch)
    [Anonymous Symbol]                       0x080018c4   Section        0  bh1750.o(.text.bh1750_init)
    convert_int_to_char                      0x08001941   Thumb Code     6  my_usart.o(.text.convert_int_to_char)
    [Anonymous Symbol]                       0x08001940   Section        0  my_usart.o(.text.convert_int_to_char)
    [Anonymous Symbol]                       0x08001948   Section        0  my_usart.o(.text.fputc)
    [Anonymous Symbol]                       0x0800196c   Section        0  bh1750.o(.text.i2c_read_multi_byte_no_reg)
    i2c_receive_a_byte_ack                   0x080019ad   Thumb Code    36  bh1750.o(.text.i2c_receive_a_byte_ack)
    [Anonymous Symbol]                       0x080019ac   Section        0  bh1750.o(.text.i2c_receive_a_byte_ack)
    i2c_receive_a_byte_nack                  0x080019d1   Thumb Code    36  bh1750.o(.text.i2c_receive_a_byte_nack)
    [Anonymous Symbol]                       0x080019d0   Section        0  bh1750.o(.text.i2c_receive_a_byte_nack)
    i2c_standard_send_a_byte                 0x080019f5   Thumb Code    30  bh1750.o(.text.i2c_standard_send_a_byte)
    [Anonymous Symbol]                       0x080019f4   Section        0  bh1750.o(.text.i2c_standard_send_a_byte)
    [Anonymous Symbol]                       0x08001a14   Section        0  bh1750.o(.text.i2c_write_one_byte_no_reg)
    [Anonymous Symbol]                       0x08001a4c   Section        0  main.o(.text.main)
    [Anonymous Symbol]                       0x08001ad8   Section        0  tim2.o(.text.millis)
    [Anonymous Symbol]                       0x08001ae4   Section        0  my_usart.o(.text.printf_num)
    [Anonymous Symbol]                       0x08001b78   Section        0  my_usart.o(.text.printf_string)
    send_char                                0x08001ba9   Thumb Code    34  my_usart.o(.text.send_char)
    [Anonymous Symbol]                       0x08001ba8   Section        0  my_usart.o(.text.send_char)
    set_i2c_7bit_address                     0x08001bcd   Thumb Code    62  bh1750.o(.text.set_i2c_7bit_address)
    [Anonymous Symbol]                       0x08001bcc   Section        0  bh1750.o(.text.set_i2c_7bit_address)
    start_i2c                                0x08001c0d   Thumb Code    30  bh1750.o(.text.start_i2c)
    [Anonymous Symbol]                       0x08001c0c   Section        0  bh1750.o(.text.start_i2c)
    stdout_putchar                           0x08001c2d   Thumb Code     4  retarget_io.o(.text.stdout_putchar)
    [Anonymous Symbol]                       0x08001c2c   Section        0  retarget_io.o(.text.stdout_putchar)
    stop_i2c                                 0x08001c31   Thumb Code    10  bh1750.o(.text.stop_i2c)
    [Anonymous Symbol]                       0x08001c30   Section        0  bh1750.o(.text.stop_i2c)
    [Anonymous Symbol]                       0x08001c3c   Section        0  my_usart.o(.text.uart_handle_command)
    [Anonymous Symbol]                       0x08001d54   Section        0  my_usart.o(.text.usart1_cfg_A9A10)
    locale$$code                             0x08001e20   Section       44  lc_ctype_c.o(locale$$code)
    x$fpl$ddiv                               0x08001e4c   Section      688  ddiv.o(x$fpl$ddiv)
    ddiv_entry                               0x08001e53   Thumb Code     0  ddiv.o(x$fpl$ddiv)
    x$fpl$dfix                               0x080020fc   Section       94  dfix.o(x$fpl$dfix)
    x$fpl$dflt                               0x0800215a   Section       46  dflt_clz.o(x$fpl$dflt)
    x$fpl$dnaninf                            0x08002188   Section      156  dnaninf.o(x$fpl$dnaninf)
    x$fpl$dretinf                            0x08002224   Section       12  dretinf.o(x$fpl$dretinf)
    ADCPrescTable                            0x08002230   Data           4  stm32f10x_rcc.o(.rodata.ADCPrescTable)
    [Anonymous Symbol]                       0x08002230   Section        0  stm32f10x_rcc.o(.rodata.ADCPrescTable)
    x$fpl$usenofp                            0x08002230   Section        0  usenofp.o(x$fpl$usenofp)
    APBAHBPrescTable                         0x08002234   Data          16  stm32f10x_rcc.o(.rodata.APBAHBPrescTable)
    [Anonymous Symbol]                       0x08002234   Section        0  stm32f10x_rcc.o(.rodata.APBAHBPrescTable)
    .L.str.8                                 0x0800225b   Data          21  my_usart.o(.rodata.str1.1)
    [Anonymous Symbol]                       0x0800225b   Section        0  my_usart.o(.rodata.str1.1)
    .L.str.2                                 0x0800226d   Data           3  my_usart.o(.rodata.str1.1)
    .L.str.3                                 0x08002270   Data          26  my_usart.o(.rodata.str1.1)
    .L.str.7                                 0x0800228a   Data           9  main.o(.rodata.str1.1)
    [Anonymous Symbol]                       0x0800228a   Section        0  main.o(.rodata.str1.1)
    locale$$data                             0x080022b4   Section      272  lc_ctype_c.o(locale$$data)
    __lcctype_c_name                         0x080022b8   Data           2  lc_ctype_c.o(locale$$data)
    __lcctype_c_start                        0x080022c0   Data           0  lc_ctype_c.o(locale$$data)
    __lcctype_c_end                          0x080023c4   Data           0  lc_ctype_c.o(locale$$data)
    .data                                    0x20000000   Section        4  stdio_streams.o(.data)
    .data                                    0x20000004   Section        4  stdio_streams.o(.data)
    .data                                    0x20000008   Section        4  stdio_streams.o(.data)
    .bss                                     0x20000010   Section       84  stdio_streams.o(.bss)
    .bss                                     0x20000064   Section       84  stdio_streams.o(.bss)
    .bss                                     0x200000b8   Section       84  stdio_streams.o(.bss)
    .bss                                     0x2000010c   Section       96  libspace.o(.bss)
    counter_ms                               0x20000188   Data           4  tim2.o(.bss.counter_ms)
    [Anonymous Symbol]                       0x20000188   Section        0  tim2.o(.bss.counter_ms)
    Heap_Mem                                 0x20000198   Data         512  startup_stm32f10x_md.o(HEAP)
    HEAP                                     0x20000198   Section      512  startup_stm32f10x_md.o(HEAP)
    Stack_Mem                                0x20000398   Data        1024  startup_stm32f10x_md.o(STACK)
    STACK                                    0x20000398   Section     1024  startup_stm32f10x_md.o(STACK)
    __initial_sp                             0x20000798   Data           0  startup_stm32f10x_md.o(STACK)

    Global Symbols

    Symbol Name                              Value     Ov Type        Size  Object(Section)

    BuildAttributes$$THM_ISAv4$P$D$K$B$S$PE$A:L22UL41UL21$X:L11$S22US41US21$IEEE1$IW$~IW$USESV6$~STKCKD$USESV7$~SHL$OTIME$ROPI$EBA8$UX$STANDARDLIB$REQ8$PRES8$EABIv2 0x00000000   Number         0  anon$$obj.o ABSOLUTE
    __fp_init_empty                          0x00000000   Number         0  fpinit_empty.o ABSOLUTE
    __ARM_exceptions_init                     - Undefined Weak Reference
    __alloca_initialize                       - Undefined Weak Reference
    __arm_preinit_                            - Undefined Weak Reference
    __cpp_initialize__aeabi_                  - Undefined Weak Reference
    __cxa_finalize                            - Undefined Weak Reference
    __sigvec_lookup                           - Undefined Weak Reference
    __user_heap_extent                        - Undefined Weak Reference
    _atexit_init                              - Undefined Weak Reference
    _call_atexit_fns                          - Undefined Weak Reference
    _clock_init                               - Undefined Weak Reference
    _fp_trap_init                             - Undefined Weak Reference
    _fp_trap_shutdown                         - Undefined Weak Reference
    _get_lc_collate                           - Undefined Weak Reference
    _get_lc_monetary                          - Undefined Weak Reference
    _get_lc_numeric                           - Undefined Weak Reference
    _get_lc_time                              - Undefined Weak Reference
    _getenv_init                              - Undefined Weak Reference
    _handle_redirection                       - Undefined Weak Reference
    _mutex_acquire                            - Undefined Weak Reference
    _mutex_free                               - Undefined Weak Reference
    _mutex_release                            - Undefined Weak Reference
    _rand_init                                - Undefined Weak Reference
    _signal_finish                            - Undefined Weak Reference
    _signal_init                              - Undefined Weak Reference
    __Vectors_Size                           0x000000ec   Number         0  startup_stm32f10x_md.o ABSOLUTE
    __Vectors                                0x08000000   Data           4  startup_stm32f10x_md.o(RESET)
    __Vectors_End                            0x080000ec   Data           0  startup_stm32f10x_md.o(RESET)
    __main                                   0x080000ed   Thumb Code     8  __main.o(!!!main)
    __scatterload                            0x080000f5   Thumb Code     0  __scatter.o(!!!scatter)
    __scatterload_rt2                        0x080000f5   Thumb Code    44  __scatter.o(!!!scatter)
    __scatterload_rt2_thumb_only             0x080000f5   Thumb Code     0  __scatter.o(!!!scatter)
    __scatterload_null                       0x08000103   Thumb Code     0  __scatter.o(!!!scatter)
    __scatterload_copy                       0x08000129   Thumb Code    26  __scatter_copy.o(!!handler_copy)
    __scatterload_zeroinit                   0x08000145   Thumb Code    28  __scatter_zi.o(!!handler_zi)
    __rt_lib_init                            0x08000161   Thumb Code     0  libinit.o(.ARM.Collect$$libinit$$00000000)
    __rt_lib_init_fp_1                       0x08000163   Thumb Code     0  libinit2.o(.ARM.Collect$$libinit$$00000002)
    __rt_lib_init_heap_2                     0x08000163   Thumb Code     0  libinit2.o(.ARM.Collect$$libinit$$00000005)
    __rt_lib_init_preinit_1                  0x08000163   Thumb Code     0  libinit2.o(.ARM.Collect$$libinit$$00000004)
    __rt_lib_init_heap_1                     0x0800016b   Thumb Code     0  libinit2.o(.ARM.Collect$$libinit$$0000000A)
    __rt_lib_init_lc_common                  0x0800016b   Thumb Code     0  libinit2.o(.ARM.Collect$$libinit$$0000000F)
    __rt_lib_init_rand_1                     0x0800016b   Thumb Code     0  libinit2.o(.ARM.Collect$$libinit$$0000000E)
    __rt_lib_init_user_alloc_1               0x0800016b   Thumb Code     0  libinit2.o(.ARM.Collect$$libinit$$0000000C)
    __rt_lib_init_lc_collate_1               0x08000171   Thumb Code     0  libinit2.o(.ARM.Collect$$libinit$$00000011)
    __rt_lib_init_lc_ctype_2                 0x08000171   Thumb Code     0  libinit2.o(.ARM.Collect$$libinit$$00000012)
    __rt_lib_init_atexit_1                   0x0800017d   Thumb Code     0  libinit2.o(.ARM.Collect$$libinit$$0000001B)
    __rt_lib_init_clock_1                    0x0800017d   Thumb Code     0  libinit2.o(.ARM.Collect$$libinit$$00000021)
    __rt_lib_init_fp_trap_1                  0x0800017d   Thumb Code     0  libinit2.o(.ARM.Collect$$libinit$$0000001F)
    __rt_lib_init_getenv_1                   0x0800017d   Thumb Code     0  libinit2.o(.ARM.Collect$$libinit$$00000023)
    __rt_lib_init_lc_ctype_1                 0x0800017d   Thumb Code     0  libinit2.o(.ARM.Collect$$libinit$$00000013)
    __rt_lib_init_lc_monetary_1              0x0800017d   Thumb Code     0  libinit2.o(.ARM.Collect$$libinit$$00000015)
    __rt_lib_init_lc_numeric_1               0x0800017d   Thumb Code     0  libinit2.o(.ARM.Collect$$libinit$$00000017)
    __rt_lib_init_lc_time_1                  0x0800017d   Thumb Code     0  libinit2.o(.ARM.Collect$$libinit$$00000019)
    __rt_lib_init_signal_1                   0x0800017d   Thumb Code     0  libinit2.o(.ARM.Collect$$libinit$$0000001D)
    __rt_lib_init_stdio_2                    0x0800017d   Thumb Code     0  libinit2.o(.ARM.Collect$$libinit$$00000024)
    __rt_lib_init_alloca_1                   0x08000181   Thumb Code     0  libinit2.o(.ARM.Collect$$libinit$$0000002E)
    __rt_lib_init_argv_1                     0x08000181   Thumb Code     0  libinit2.o(.ARM.Collect$$libinit$$0000002C)
    __rt_lib_init_cpp_1                      0x08000181   Thumb Code     0  libinit2.o(.ARM.Collect$$libinit$$00000032)
    __rt_lib_init_exceptions_1               0x08000181   Thumb Code     0  libinit2.o(.ARM.Collect$$libinit$$00000030)
    __rt_lib_init_return                     0x08000181   Thumb Code     0  libinit2.o(.ARM.Collect$$libinit$$00000033)
    __rt_lib_init_stdio_1                    0x08000181   Thumb Code     0  libinit2.o(.ARM.Collect$$libinit$$00000025)
    __rt_lib_shutdown                        0x08000183   Thumb Code     0  libshutdown.o(.ARM.Collect$$libshutdown$$00000000)
    __rt_lib_shutdown_cpp_1                  0x08000185   Thumb Code     0  libshutdown2.o(.ARM.Collect$$libshutdown$$00000002)
    __rt_lib_shutdown_stdio_2                0x08000185   Thumb Code     0  libshutdown2.o(.ARM.Collect$$libshutdown$$00000003)
    __rt_lib_shutdown_fp_trap_1              0x08000189   Thumb Code     0  libshutdown2.o(.ARM.Collect$$libshutdown$$00000007)
    __rt_lib_shutdown_heap_1                 0x08000189   Thumb Code     0  libshutdown2.o(.ARM.Collect$$libshutdown$$0000000F)
    __rt_lib_shutdown_return                 0x08000189   Thumb Code     0  libshutdown2.o(.ARM.Collect$$libshutdown$$00000010)
    __rt_lib_shutdown_signal_1               0x08000189   Thumb Code     0  libshutdown2.o(.ARM.Collect$$libshutdown$$0000000A)
    __rt_lib_shutdown_stdio_1                0x08000189   Thumb Code     0  libshutdown2.o(.ARM.Collect$$libshutdown$$00000004)
    __rt_lib_shutdown_user_alloc_1           0x08000189   Thumb Code     0  libshutdown2.o(.ARM.Collect$$libshutdown$$0000000C)
    __rt_entry                               0x0800018b   Thumb Code     0  __rtentry.o(.ARM.Collect$$rtentry$$00000000)
    __rt_entry_presh_1                       0x0800018b   Thumb Code     0  __rtentry2.o(.ARM.Collect$$rtentry$$00000002)
    __rt_entry_sh                            0x0800018b   Thumb Code     0  __rtentry4.o(.ARM.Collect$$rtentry$$00000004)
    __rt_entry_li                            0x08000191   Thumb Code     0  __rtentry2.o(.ARM.Collect$$rtentry$$0000000A)
    __rt_entry_postsh_1                      0x08000191   Thumb Code     0  __rtentry2.o(.ARM.Collect$$rtentry$$00000009)
    __rt_entry_main                          0x08000195   Thumb Code     0  __rtentry2.o(.ARM.Collect$$rtentry$$0000000D)
    __rt_entry_postli_1                      0x08000195   Thumb Code     0  __rtentry2.o(.ARM.Collect$$rtentry$$0000000C)
    __rt_exit                                0x0800019d   Thumb Code     0  rtexit.o(.ARM.Collect$$rtexit$$00000000)
    __rt_exit_ls                             0x0800019f   Thumb Code     0  rtexit2.o(.ARM.Collect$$rtexit$$00000003)
    __rt_exit_prels_1                        0x0800019f   Thumb Code     0  rtexit2.o(.ARM.Collect$$rtexit$$00000002)
    __rt_exit_exit                           0x080001a3   Thumb Code     0  rtexit2.o(.ARM.Collect$$rtexit$$00000004)
    Reset_Handler                            0x080001a9   Thumb Code     8  startup_stm32f10x_md.o(.text)
    NMI_Handler                              0x080001b1   Thumb Code     2  startup_stm32f10x_md.o(.text)
    HardFault_Handler                        0x080001b3   Thumb Code     2  startup_stm32f10x_md.o(.text)
    MemManage_Handler                        0x080001b5   Thumb Code     2  startup_stm32f10x_md.o(.text)
    BusFault_Handler                         0x080001b7   Thumb Code     2  startup_stm32f10x_md.o(.text)
    UsageFault_Handler                       0x080001b9   Thumb Code     2  startup_stm32f10x_md.o(.text)
    SVC_Handler                              0x080001bb   Thumb Code     2  startup_stm32f10x_md.o(.text)
    DebugMon_Handler                         0x080001bd   Thumb Code     2  startup_stm32f10x_md.o(.text)
    PendSV_Handler                           0x080001bf   Thumb Code     2  startup_stm32f10x_md.o(.text)
    SysTick_Handler                          0x080001c1   Thumb Code     2  startup_stm32f10x_md.o(.text)
    ADC1_2_IRQHandler                        0x080001c3   Thumb Code     0  startup_stm32f10x_md.o(.text)
    CAN1_RX1_IRQHandler                      0x080001c3   Thumb Code     0  startup_stm32f10x_md.o(.text)
    CAN1_SCE_IRQHandler                      0x080001c3   Thumb Code     0  startup_stm32f10x_md.o(.text)
    DMA1_Channel1_IRQHandler                 0x080001c3   Thumb Code     0  startup_stm32f10x_md.o(.text)
    DMA1_Channel2_IRQHandler                 0x080001c3   Thumb Code     0  startup_stm32f10x_md.o(.text)
    DMA1_Channel3_IRQHandler                 0x080001c3   Thumb Code     0  startup_stm32f10x_md.o(.text)
    DMA1_Channel4_IRQHandler                 0x080001c3   Thumb Code     0  startup_stm32f10x_md.o(.text)
    DMA1_Channel5_IRQHandler                 0x080001c3   Thumb Code     0  startup_stm32f10x_md.o(.text)
    DMA1_Channel6_IRQHandler                 0x080001c3   Thumb Code     0  startup_stm32f10x_md.o(.text)
    DMA1_Channel7_IRQHandler                 0x080001c3   Thumb Code     0  startup_stm32f10x_md.o(.text)
    EXTI0_IRQHandler                         0x080001c3   Thumb Code     0  startup_stm32f10x_md.o(.text)
    EXTI15_10_IRQHandler                     0x080001c3   Thumb Code     0  startup_stm32f10x_md.o(.text)
    EXTI1_IRQHandler                         0x080001c3   Thumb Code     0  startup_stm32f10x_md.o(.text)
    EXTI2_IRQHandler                         0x080001c3   Thumb Code     0  startup_stm32f10x_md.o(.text)
    EXTI3_IRQHandler                         0x080001c3   Thumb Code     0  startup_stm32f10x_md.o(.text)
    EXTI4_IRQHandler                         0x080001c3   Thumb Code     0  startup_stm32f10x_md.o(.text)
    EXTI9_5_IRQHandler                       0x080001c3   Thumb Code     0  startup_stm32f10x_md.o(.text)
    FLASH_IRQHandler                         0x080001c3   Thumb Code     0  startup_stm32f10x_md.o(.text)
    I2C1_ER_IRQHandler                       0x080001c3   Thumb Code     0  startup_stm32f10x_md.o(.text)
    I2C1_EV_IRQHandler                       0x080001c3   Thumb Code     0  startup_stm32f10x_md.o(.text)
    I2C2_ER_IRQHandler                       0x080001c3   Thumb Code     0  startup_stm32f10x_md.o(.text)
    I2C2_EV_IRQHandler                       0x080001c3   Thumb Code     0  startup_stm32f10x_md.o(.text)
    PVD_IRQHandler                           0x080001c3   Thumb Code     0  startup_stm32f10x_md.o(.text)
    RCC_IRQHandler                           0x080001c3   Thumb Code     0  startup_stm32f10x_md.o(.text)
    RTCAlarm_IRQHandler                      0x080001c3   Thumb Code     0  startup_stm32f10x_md.o(.text)
    RTC_IRQHandler                           0x080001c3   Thumb Code     0  startup_stm32f10x_md.o(.text)
    SPI1_IRQHandler                          0x080001c3   Thumb Code     0  startup_stm32f10x_md.o(.text)
    SPI2_IRQHandler                          0x080001c3   Thumb Code     0  startup_stm32f10x_md.o(.text)
    TAMPER_IRQHandler                        0x080001c3   Thumb Code     0  startup_stm32f10x_md.o(.text)
    TIM1_BRK_IRQHandler                      0x080001c3   Thumb Code     0  startup_stm32f10x_md.o(.text)
    TIM1_CC_IRQHandler                       0x080001c3   Thumb Code     0  startup_stm32f10x_md.o(.text)
    TIM1_TRG_COM_IRQHandler                  0x080001c3   Thumb Code     0  startup_stm32f10x_md.o(.text)
    TIM1_UP_IRQHandler                       0x080001c3   Thumb Code     0  startup_stm32f10x_md.o(.text)
    TIM3_IRQHandler                          0x080001c3   Thumb Code     0  startup_stm32f10x_md.o(.text)
    TIM4_IRQHandler                          0x080001c3   Thumb Code     0  startup_stm32f10x_md.o(.text)
    USART2_IRQHandler                        0x080001c3   Thumb Code     0  startup_stm32f10x_md.o(.text)
    USART3_IRQHandler                        0x080001c3   Thumb Code     0  startup_stm32f10x_md.o(.text)
    USBWakeUp_IRQHandler                     0x080001c3   Thumb Code     0  startup_stm32f10x_md.o(.text)
    USB_HP_CAN1_TX_IRQHandler                0x080001c3   Thumb Code     0  startup_stm32f10x_md.o(.text)
    USB_LP_CAN1_RX0_IRQHandler               0x080001c3   Thumb Code     0  startup_stm32f10x_md.o(.text)
    WWDG_IRQHandler                          0x080001c3   Thumb Code     0  startup_stm32f10x_md.o(.text)
    __user_initial_stackheap                 0x080001c5   Thumb Code     0  startup_stm32f10x_md.o(.text)
    atoi                                     0x080001e9   Thumb Code    26  atoi.o(.text)
    puts                                     0x08000205   Thumb Code    40  puts.o(.text)
    memcmp                                   0x08000231   Thumb Code    88  memcmp.o(.text)
    strcmp                                   0x08000289   Thumb Code   128  strcmpv7m.o(.text)
    __use_two_region_memory                  0x08000309   Thumb Code     2  heapauxi.o(.text)
    __rt_heap_escrow                         0x0800030b   Thumb Code     2  heapauxi.o(.text)
    __rt_heap_expand                         0x0800030d   Thumb Code     2  heapauxi.o(.text)
    __aeabi_errno_addr                       0x08000311   Thumb Code     8  rt_errno_addr_intlibspace.o(.text)
    __errno$intlibspace                      0x08000311   Thumb Code     0  rt_errno_addr_intlibspace.o(.text)
    __rt_errno_addr$intlibspace              0x08000311   Thumb Code     0  rt_errno_addr_intlibspace.o(.text)
    strtol                                   0x08000319   Thumb Code   112  strtol.o(.text)
    __user_libspace                          0x08000389   Thumb Code     8  libspace.o(.text)
    __user_perproc_libspace                  0x08000389   Thumb Code     0  libspace.o(.text)
    __user_perthread_libspace                0x08000389   Thumb Code     0  libspace.o(.text)
    __rt_ctype_table                         0x08000391   Thumb Code    16  rt_ctype_table.o(.text)
    _strtoul                                 0x080003a1   Thumb Code   158  _strtoul.o(.text)
    _initio                                  0x08000441   Thumb Code   210  initio.o(.text)
    _terminateio                             0x08000513   Thumb Code    56  initio.o(.text)
    __user_setup_stackheap                   0x08000579   Thumb Code    74  sys_stackheap_outer.o(.text)
    __rt_locale                              0x080005c5   Thumb Code     8  rt_locale_intlibspace.o(.text)
    free                                     0x080005cd   Thumb Code    78  h1_free.o(.text)
    _chval                                   0x0800061b   Thumb Code    28  _chval.o(.text)
    setvbuf                                  0x08000637   Thumb Code    70  setvbuf.o(.text)
    freopen                                  0x0800067d   Thumb Code   160  fopen.o(.text)
    fopen                                    0x0800071d   Thumb Code    74  fopen.o(.text)
    _fclose_internal                         0x0800076d   Thumb Code    76  fclose.o(.text)
    fclose                                   0x0800076d   Thumb Code     0  fclose.o(.text)
    exit                                     0x080007b9   Thumb Code    18  exit.o(.text)
    __rt_SIGRTRED                            0x080007cb   Thumb Code    14  defsig_rtred_outer.o(.text)
    __aeabi_memclr4                          0x080007d9   Thumb Code     0  rt_memclr_w.o(.text)
    __aeabi_memclr8                          0x080007d9   Thumb Code     0  rt_memclr_w.o(.text)
    __rt_memclr_w                            0x080007d9   Thumb Code    78  rt_memclr_w.o(.text)
    _memset_w                                0x080007dd   Thumb Code     0  rt_memclr_w.o(.text)
    __rt_heap_descriptor                     0x08000829   Thumb Code     8  rt_heap_descriptor_intlibspace.o(.text)
    __use_no_heap                            0x08000831   Thumb Code     2  hguard.o(.text)
    __heap$guard                             0x08000833   Thumb Code     2  hguard.o(.text)
    _terminate_user_alloc                    0x08000835   Thumb Code     2  init_alloc.o(.text)
    _init_user_alloc                         0x08000837   Thumb Code     2  init_alloc.o(.text)
    __Heap_Full                              0x08000839   Thumb Code    34  init_alloc.o(.text)
    __Heap_Broken                            0x0800085b   Thumb Code     6  init_alloc.o(.text)
    _init_alloc                              0x08000861   Thumb Code    94  init_alloc.o(.text)
    malloc                                   0x080008bf   Thumb Code    94  h1_alloc.o(.text)
    _fseek                                   0x0800091d   Thumb Code   242  fseek.o(.text)
    fseek                                    0x0800091d   Thumb Code     0  fseek.o(.text)
    _seterr                                  0x08000a15   Thumb Code    20  stdio.o(.text)
    _writebuf                                0x08000a29   Thumb Code    84  stdio.o(.text)
    _fflush                                  0x08000a7d   Thumb Code    70  stdio.o(.text)
    _deferredlazyseek                        0x08000ac3   Thumb Code    60  stdio.o(.text)
    __sig_exit                               0x08000b05   Thumb Code    10  defsig_exit.o(.text)
    __rt_SIGRTRED_inner                      0x08000b11   Thumb Code    14  defsig_rtred_inner.o(.text)
    _sys_exit                                0x08000b45   Thumb Code     8  sys_exit.o(.text)
    __Heap_Initialize                        0x08000b51   Thumb Code    10  h1_init.o(.text)
    _maybe_terminate_alloc                   0x08000b51   Thumb Code     0  maybetermalloc1.o(.text)
    __Heap_DescSize                          0x08000b5b   Thumb Code     4  h1_init.o(.text)
    __Heap_ProvideMemory                     0x08000b5f   Thumb Code    52  h1_extend.o(.text)
    _ftell_internal                          0x08000b93   Thumb Code    66  ftell.o(.text)
    ftell                                    0x08000b93   Thumb Code     0  ftell.o(.text)
    __default_signal_display                 0x08000bd5   Thumb Code    50  defsig_general.o(.text)
    __rt_SIGRTMEM                            0x08000c07   Thumb Code    14  defsig_rtmem_outer.o(.text)
    __I$use$semihosting                      0x08000c15   Thumb Code     0  use_no_semi.o(.text)
    __use_no_semihosting_swi                 0x08000c15   Thumb Code     2  use_no_semi.o(.text)
    __semihosting_library_function           0x08000c17   Thumb Code     0  indicate_semi.o(.text)
    __rt_SIGRTMEM_inner                      0x08000c19   Thumb Code    22  defsig_rtmem_inner.o(.text)
    BH1750_ReadLight                         0x08000c69   Thumb Code    92  bh1750.o(.text.BH1750_ReadLight)
    Delay_ms                                 0x08000cc5   Thumb Code    24  tim2.o(.text.Delay_ms)
    GPIO_Init                                0x08000cdd   Thumb Code   176  stm32f10x_gpio.o(.text.GPIO_Init)
    GPIO_ResetBits                           0x08000d8d   Thumb Code     4  stm32f10x_gpio.o(.text.GPIO_ResetBits)
    GPIO_SetBits                             0x08000d91   Thumb Code     4  stm32f10x_gpio.o(.text.GPIO_SetBits)
    I2C2_LCD_Init                            0x08000d95   Thumb Code    96  i2c_lcd.o(.text.I2C2_LCD_Init)
    I2C2_Scan_Address                        0x08000df5   Thumb Code   304  i2c_lcd.o(.text.I2C2_Scan_Address)
    I2C2_Send_Address                        0x08000f25   Thumb Code    26  i2c_lcd.o(.text.I2C2_Send_Address)
    I2C2_Send_Data                           0x08000f41   Thumb Code    20  i2c_lcd.o(.text.I2C2_Send_Data)
    I2C2_Send_Start                          0x08000f55   Thumb Code    24  i2c_lcd.o(.text.I2C2_Send_Start)
    I2C2_Send_Stop                           0x08000f6d   Thumb Code    18  i2c_lcd.o(.text.I2C2_Send_Stop)
    I2C_AcknowledgeConfig                    0x08000f81   Thumb Code    18  stm32f10x_i2c.o(.text.I2C_AcknowledgeConfig)
    I2C_CheckEvent                           0x08000f95   Thumb Code    22  stm32f10x_i2c.o(.text.I2C_CheckEvent)
    I2C_Cmd                                  0x08000fad   Thumb Code    18  stm32f10x_i2c.o(.text.I2C_Cmd)
    I2C_GenerateSTART                        0x08000fc1   Thumb Code    18  stm32f10x_i2c.o(.text.I2C_GenerateSTART)
    I2C_GenerateSTOP                         0x08000fd5   Thumb Code    18  stm32f10x_i2c.o(.text.I2C_GenerateSTOP)
    I2C_Init                                 0x08000fe9   Thumb Code   204  stm32f10x_i2c.o(.text.I2C_Init)
    I2C_ReceiveData                          0x080010b5   Thumb Code     6  stm32f10x_i2c.o(.text.I2C_ReceiveData)
    I2C_Send7bitAddress                      0x080010bd   Thumb Code    16  stm32f10x_i2c.o(.text.I2C_Send7bitAddress)
    I2C_SendData                             0x080010cd   Thumb Code     4  stm32f10x_i2c.o(.text.I2C_SendData)
    LCD_Clear                                0x080010d1   Thumb Code    16  i2c_lcd.o(.text.LCD_Clear)
    LCD_Control_Write                        0x080010e1   Thumb Code    58  i2c_lcd.o(.text.LCD_Control_Write)
    LCD_Data_Write                           0x0800111d   Thumb Code    62  i2c_lcd.o(.text.LCD_Data_Write)
    LCD_Init                                 0x0800115d   Thumb Code   152  i2c_lcd.o(.text.LCD_Init)
    LCD_Send_Number                          0x080011f5   Thumb Code    96  i2c_lcd.o(.text.LCD_Send_Number)
    LCD_Send_String                          0x08001255   Thumb Code    28  i2c_lcd.o(.text.LCD_Send_String)
    LCD_Set_Cursor                           0x08001271   Thumb Code    22  i2c_lcd.o(.text.LCD_Set_Cursor)
    LCD_Write_byte                           0x08001289   Thumb Code    34  i2c_lcd.o(.text.LCD_Write_byte)
    RCC_APB1PeriphClockCmd                   0x080012ad   Thumb Code    24  stm32f10x_rcc.o(.text.RCC_APB1PeriphClockCmd)
    RCC_APB2PeriphClockCmd                   0x080012c5   Thumb Code    24  stm32f10x_rcc.o(.text.RCC_APB2PeriphClockCmd)
    RCC_GetClocksFreq                        0x080012dd   Thumb Code   160  stm32f10x_rcc.o(.text.RCC_GetClocksFreq)
    Run_Sys                                  0x0800137d   Thumb Code   228  main.o(.text.Run_Sys)
    SystemInit                               0x08001529   Thumb Code    86  system_stm32f10x.o(.text.SystemInit)
    TIM2_IRQHandler                          0x08001581   Thumb Code    38  tim2.o(.text.TIM2_IRQHandler)
    Timer2_Init                              0x080015a9   Thumb Code    64  tim2.o(.text.Timer2_Init)
    USART1_IRQHandler                        0x080015e9   Thumb Code   112  my_usart.o(.text.USART1_IRQHandler)
    USART_ClearFlag                          0x08001659   Thumb Code     6  stm32f10x_usart.o(.text.USART_ClearFlag)
    USART_ClearITPendingBit                  0x08001661   Thumb Code    14  stm32f10x_usart.o(.text.USART_ClearITPendingBit)
    USART_Cmd                                0x08001671   Thumb Code    18  stm32f10x_usart.o(.text.USART_Cmd)
    USART_GetFlagStatus                      0x08001685   Thumb Code    10  stm32f10x_usart.o(.text.USART_GetFlagStatus)
    USART_GetITStatus                        0x08001691   Thumb Code    58  stm32f10x_usart.o(.text.USART_GetITStatus)
    USART_ITConfig                           0x080016cd   Thumb Code    46  stm32f10x_usart.o(.text.USART_ITConfig)
    USART_Init                               0x080016fd   Thumb Code   178  stm32f10x_usart.o(.text.USART_Init)
    USART_ReceiveData                        0x080017b1   Thumb Code     8  stm32f10x_usart.o(.text.USART_ReceiveData)
    USART_SendData                           0x080017b9   Thumb Code     8  stm32f10x_usart.o(.text.USART_SendData)
    _sys_close                               0x08001801   Thumb Code    18  retarget_io.o(.text._sys_close)
    _sys_flen                                0x08001815   Thumb Code     4  retarget_io.o(.text._sys_flen)
    _sys_istty                               0x08001819   Thumb Code    16  retarget_io.o(.text._sys_istty)
    _sys_open                                0x08001829   Thumb Code   100  retarget_io.o(.text._sys_open)
    _sys_seek                                0x0800188d   Thumb Code     6  retarget_io.o(.text._sys_seek)
    _sys_write                               0x08001895   Thumb Code    42  retarget_io.o(.text._sys_write)
    _ttywrch                                 0x080018c1   Thumb Code     4  retarget_io.o(.text._ttywrch)
    bh1750_init                              0x080018c5   Thumb Code   122  bh1750.o(.text.bh1750_init)
    fputc                                    0x08001949   Thumb Code    36  my_usart.o(.text.fputc)
    i2c_read_multi_byte_no_reg               0x0800196d   Thumb Code    64  bh1750.o(.text.i2c_read_multi_byte_no_reg)
    i2c_write_one_byte_no_reg                0x08001a15   Thumb Code    56  bh1750.o(.text.i2c_write_one_byte_no_reg)
    main                                     0x08001a4d   Thumb Code   140  main.o(.text.main)
    millis                                   0x08001ad9   Thumb Code    12  tim2.o(.text.millis)
    printf_num                               0x08001ae5   Thumb Code   148  my_usart.o(.text.printf_num)
    printf_string                            0x08001b79   Thumb Code    46  my_usart.o(.text.printf_string)
    uart_handle_command                      0x08001c3d   Thumb Code   280  my_usart.o(.text.uart_handle_command)
    usart1_cfg_A9A10                         0x08001d55   Thumb Code   204  my_usart.o(.text.usart1_cfg_A9A10)
    _get_lc_ctype                            0x08001e21   Thumb Code    44  lc_ctype_c.o(locale$$code)
    __aeabi_ddiv                             0x08001e4d   Thumb Code     0  ddiv.o(x$fpl$ddiv)
    _ddiv                                    0x08001e4d   Thumb Code   552  ddiv.o(x$fpl$ddiv)
    __aeabi_d2iz                             0x080020fd   Thumb Code     0  dfix.o(x$fpl$dfix)
    _dfix                                    0x080020fd   Thumb Code    94  dfix.o(x$fpl$dfix)
    __aeabi_i2d                              0x0800215b   Thumb Code     0  dflt_clz.o(x$fpl$dflt)
    _dflt                                    0x0800215b   Thumb Code    46  dflt_clz.o(x$fpl$dflt)
    __fpl_dnaninf                            0x08002189   Thumb Code   156  dnaninf.o(x$fpl$dnaninf)
    __fpl_dretinf                            0x08002225   Thumb Code    12  dretinf.o(x$fpl$dretinf)
    __I$use$fp                               0x08002230   Number         0  usenofp.o(x$fpl$usenofp)
    __stderr_name                            0x08002244   Data           8  retarget_io.o(.rodata.__stderr_name)
    __stdin_name                             0x0800224c   Data           7  retarget_io.o(.rodata.__stdin_name)
    __stdout_name                            0x08002253   Data           8  retarget_io.o(.rodata.__stdout_name)
    Region$$Table$$Base                      0x08002294   Number         0  anon$$obj.o(Region$$Table)
    Region$$Table$$Limit                     0x080022b4   Number         0  anon$$obj.o(Region$$Table)
    __ctype                                  0x080022c1   Data           0  lc_ctype_c.o(locale$$data)
    __aeabi_stdin                            0x20000000   Data           4  stdio_streams.o(.data)
    __aeabi_stdout                           0x20000004   Data           4  stdio_streams.o(.data)
    __aeabi_stderr                           0x20000008   Data           4  stdio_streams.o(.data)
    light_threshold                          0x2000000c   Data           2  my_usart.o(.data.light_threshold)
    __stdin                                  0x20000010   Data          84  stdio_streams.o(.bss)
    __stdout                                 0x20000064   Data          84  stdio_streams.o(.bss)
    __stderr                                 0x200000b8   Data          84  stdio_streams.o(.bss)
    __libspace_start                         0x2000010c   Data          96  libspace.o(.bss)
    RX_Buffer                                0x2000016c   Data          23  my_usart.o(.bss.RX_Buffer)
    __temporary_stack_top$libspace           0x2000016c   Data           0  libspace.o(.bss)
    RX_available                             0x20000183   Data           1  my_usart.o(.bss.RX_available)
    RX_index                                 0x20000184   Data           1  my_usart.o(.bss.RX_index)
    last_sample_time                         0x2000018c   Data           4  main.o(.bss.last_sample_time)
    lcd_address                              0x20000190   Data           1  i2c_lcd.o(.bss.lcd_address)
    light                                    0x20000192   Data           2  my_usart.o(.bss.light)
    receive_length                           0x20000194   Data           2  my_usart.o(.bss.receive_length)



==============================================================================

Memory Map of the image

  Image Entry point : 0x080000ed

  Load Region LR_IROM1 (Base: 0x08000000, Size: 0x000023d8, Max: 0x00010000, ABSOLUTE)

    Execution Region ER_IROM1 (Exec base: 0x08000000, Load base: 0x08000000, Size: 0x000023c4, Max: 0x00010000, ABSOLUTE)

    Exec Addr    Load Addr    Size         Type   Attr      Idx    E Section Name        Object

    0x08000000   0x08000000   0x000000ec   Data   RO          709    RESET               startup_stm32f10x_md.o
    0x080000ec   0x080000ec   0x00000008   Code   RO          746  * !!!main             c_w.l(__main.o)
    0x080000f4   0x080000f4   0x00000034   Code   RO         1116    !!!scatter          c_w.l(__scatter.o)
    0x08000128   0x08000128   0x0000001a   Code   RO         1118    !!handler_copy      c_w.l(__scatter_copy.o)
    0x08000142   0x08000142   0x00000002   PAD
    0x08000144   0x08000144   0x0000001c   Code   RO         1120    !!handler_zi        c_w.l(__scatter_zi.o)
    0x08000160   0x08000160   0x00000002   Code   RO          933    .ARM.Collect$$libinit$$00000000  c_w.l(libinit.o)
    0x08000162   0x08000162   0x00000000   Code   RO          935    .ARM.Collect$$libinit$$00000002  c_w.l(libinit2.o)
    0x08000162   0x08000162   0x00000000   Code   RO          937    .ARM.Collect$$libinit$$00000004  c_w.l(libinit2.o)
    0x08000162   0x08000162   0x00000008   Code   RO          938    .ARM.Collect$$libinit$$00000005  c_w.l(libinit2.o)
    0x0800016a   0x0800016a   0x00000000   Code   RO          940    .ARM.Collect$$libinit$$0000000A  c_w.l(libinit2.o)
    0x0800016a   0x0800016a   0x00000000   Code   RO          942    .ARM.Collect$$libinit$$0000000C  c_w.l(libinit2.o)
    0x0800016a   0x0800016a   0x00000000   Code   RO          944    .ARM.Collect$$libinit$$0000000E  c_w.l(libinit2.o)
    0x0800016a   0x0800016a   0x00000006   Code   RO          945    .ARM.Collect$$libinit$$0000000F  c_w.l(libinit2.o)
    0x08000170   0x08000170   0x00000000   Code   RO          947    .ARM.Collect$$libinit$$00000011  c_w.l(libinit2.o)
    0x08000170   0x08000170   0x0000000c   Code   RO          948    .ARM.Collect$$libinit$$00000012  c_w.l(libinit2.o)
    0x0800017c   0x0800017c   0x00000000   Code   RO          949    .ARM.Collect$$libinit$$00000013  c_w.l(libinit2.o)
    0x0800017c   0x0800017c   0x00000000   Code   RO          951    .ARM.Collect$$libinit$$00000015  c_w.l(libinit2.o)
    0x0800017c   0x0800017c   0x00000000   Code   RO          953    .ARM.Collect$$libinit$$00000017  c_w.l(libinit2.o)
    0x0800017c   0x0800017c   0x00000000   Code   RO          955    .ARM.Collect$$libinit$$00000019  c_w.l(libinit2.o)
    0x0800017c   0x0800017c   0x00000000   Code   RO          957    .ARM.Collect$$libinit$$0000001B  c_w.l(libinit2.o)
    0x0800017c   0x0800017c   0x00000000   Code   RO          959    .ARM.Collect$$libinit$$0000001D  c_w.l(libinit2.o)
    0x0800017c   0x0800017c   0x00000000   Code   RO          961    .ARM.Collect$$libinit$$0000001F  c_w.l(libinit2.o)
    0x0800017c   0x0800017c   0x00000000   Code   RO          963    .ARM.Collect$$libinit$$00000021  c_w.l(libinit2.o)
    0x0800017c   0x0800017c   0x00000000   Code   RO          965    .ARM.Collect$$libinit$$00000023  c_w.l(libinit2.o)
    0x0800017c   0x0800017c   0x00000004   Code   RO          966    .ARM.Collect$$libinit$$00000024  c_w.l(libinit2.o)
    0x08000180   0x08000180   0x00000000   Code   RO          967    .ARM.Collect$$libinit$$00000025  c_w.l(libinit2.o)
    0x08000180   0x08000180   0x00000000   Code   RO          971    .ARM.Collect$$libinit$$0000002C  c_w.l(libinit2.o)
    0x08000180   0x08000180   0x00000000   Code   RO          973    .ARM.Collect$$libinit$$0000002E  c_w.l(libinit2.o)
    0x08000180   0x08000180   0x00000000   Code   RO          975    .ARM.Collect$$libinit$$00000030  c_w.l(libinit2.o)
    0x08000180   0x08000180   0x00000000   Code   RO          977    .ARM.Collect$$libinit$$00000032  c_w.l(libinit2.o)
    0x08000180   0x08000180   0x00000002   Code   RO          978    .ARM.Collect$$libinit$$00000033  c_w.l(libinit2.o)
    0x08000182   0x08000182   0x00000002   Code   RO         1095    .ARM.Collect$$libshutdown$$00000000  c_w.l(libshutdown.o)
    0x08000184   0x08000184   0x00000000   Code   RO          980    .ARM.Collect$$libshutdown$$00000002  c_w.l(libshutdown2.o)
    0x08000184   0x08000184   0x00000004   Code   RO          981    .ARM.Collect$$libshutdown$$00000003  c_w.l(libshutdown2.o)
    0x08000188   0x08000188   0x00000000   Code   RO          982    .ARM.Collect$$libshutdown$$00000004  c_w.l(libshutdown2.o)
    0x08000188   0x08000188   0x00000000   Code   RO          985    .ARM.Collect$$libshutdown$$00000007  c_w.l(libshutdown2.o)
    0x08000188   0x08000188   0x00000000   Code   RO          988    .ARM.Collect$$libshutdown$$0000000A  c_w.l(libshutdown2.o)
    0x08000188   0x08000188   0x00000000   Code   RO          990    .ARM.Collect$$libshutdown$$0000000C  c_w.l(libshutdown2.o)
    0x08000188   0x08000188   0x00000000   Code   RO          993    .ARM.Collect$$libshutdown$$0000000F  c_w.l(libshutdown2.o)
    0x08000188   0x08000188   0x00000002   Code   RO          994    .ARM.Collect$$libshutdown$$00000010  c_w.l(libshutdown2.o)
    0x0800018a   0x0800018a   0x00000000   Code   RO          782    .ARM.Collect$$rtentry$$00000000  c_w.l(__rtentry.o)
    0x0800018a   0x0800018a   0x00000000   Code   RO          815    .ARM.Collect$$rtentry$$00000002  c_w.l(__rtentry2.o)
    0x0800018a   0x0800018a   0x00000006   Code   RO          827    .ARM.Collect$$rtentry$$00000004  c_w.l(__rtentry4.o)
    0x08000190   0x08000190   0x00000000   Code   RO          817    .ARM.Collect$$rtentry$$00000009  c_w.l(__rtentry2.o)
    0x08000190   0x08000190   0x00000004   Code   RO          818    .ARM.Collect$$rtentry$$0000000A  c_w.l(__rtentry2.o)
    0x08000194   0x08000194   0x00000000   Code   RO          820    .ARM.Collect$$rtentry$$0000000C  c_w.l(__rtentry2.o)
    0x08000194   0x08000194   0x00000008   Code   RO          821    .ARM.Collect$$rtentry$$0000000D  c_w.l(__rtentry2.o)
    0x0800019c   0x0800019c   0x00000002   Code   RO          995    .ARM.Collect$$rtexit$$00000000  c_w.l(rtexit.o)
    0x0800019e   0x0800019e   0x00000000   Code   RO         1043    .ARM.Collect$$rtexit$$00000002  c_w.l(rtexit2.o)
    0x0800019e   0x0800019e   0x00000004   Code   RO         1044    .ARM.Collect$$rtexit$$00000003  c_w.l(rtexit2.o)
    0x080001a2   0x080001a2   0x00000006   Code   RO         1045    .ARM.Collect$$rtexit$$00000004  c_w.l(rtexit2.o)
    0x080001a8   0x080001a8   0x00000040   Code   RO          710    .text               startup_stm32f10x_md.o
    0x080001e8   0x080001e8   0x0000001a   Code   RO          736    .text               c_w.l(atoi.o)
    0x08000202   0x08000202   0x00000002   PAD
    0x08000204   0x08000204   0x0000002c   Code   RO          738    .text               c_w.l(puts.o)
    0x08000230   0x08000230   0x00000058   Code   RO          740    .text               c_w.l(memcmp.o)
    0x08000288   0x08000288   0x00000080   Code   RO          742    .text               c_w.l(strcmpv7m.o)
    0x08000308   0x08000308   0x00000006   Code   RO          744    .text               c_w.l(heapauxi.o)
    0x0800030e   0x0800030e   0x00000002   PAD
    0x08000310   0x08000310   0x00000008   Code   RO          786    .text               c_w.l(rt_errno_addr_intlibspace.o)
    0x08000318   0x08000318   0x00000070   Code   RO          788    .text               c_w.l(strtol.o)
    0x08000388   0x08000388   0x00000008   Code   RO          811    .text               c_w.l(libspace.o)
    0x08000390   0x08000390   0x00000010   Code   RO          829    .text               c_w.l(rt_ctype_table.o)
    0x080003a0   0x080003a0   0x0000009e   Code   RO          831    .text               c_w.l(_strtoul.o)
    0x0800043e   0x0800043e   0x00000002   PAD
    0x08000440   0x08000440   0x00000138   Code   RO          833    .text               c_w.l(initio.o)
    0x08000578   0x08000578   0x0000004a   Code   RO          841    .text               c_w.l(sys_stackheap_outer.o)
    0x080005c2   0x080005c2   0x00000002   PAD
    0x080005c4   0x080005c4   0x00000008   Code   RO          846    .text               c_w.l(rt_locale_intlibspace.o)
    0x080005cc   0x080005cc   0x0000004e   Code   RO          850    .text               c_w.l(h1_free.o)
    0x0800061a   0x0800061a   0x0000001c   Code   RO          904    .text               c_w.l(_chval.o)
    0x08000636   0x08000636   0x00000046   Code   RO          906    .text               c_w.l(setvbuf.o)
    0x0800067c   0x0800067c   0x000000f0   Code   RO          909    .text               c_w.l(fopen.o)
    0x0800076c   0x0800076c   0x0000004c   Code   RO          911    .text               c_w.l(fclose.o)
    0x080007b8   0x080007b8   0x00000012   Code   RO          920    .text               c_w.l(exit.o)
    0x080007ca   0x080007ca   0x0000000e   Code   RO          922    .text               c_w.l(defsig_rtred_outer.o)
    0x080007d8   0x080007d8   0x0000004e   Code   RO          926    .text               c_w.l(rt_memclr_w.o)
    0x08000826   0x08000826   0x00000002   PAD
    0x08000828   0x08000828   0x00000008   Code   RO         1002    .text               c_w.l(rt_heap_descriptor_intlibspace.o)
    0x08000830   0x08000830   0x00000004   Code   RO         1004    .text               c_w.l(hguard.o)
    0x08000834   0x08000834   0x0000008a   Code   RO         1006    .text               c_w.l(init_alloc.o)
    0x080008be   0x080008be   0x0000005e   Code   RO         1012    .text               c_w.l(h1_alloc.o)
    0x0800091c   0x0800091c   0x000000f8   Code   RO         1024    .text               c_w.l(fseek.o)
    0x08000a14   0x08000a14   0x000000f0   Code   RO         1026    .text               c_w.l(stdio.o)
    0x08000b04   0x08000b04   0x0000000a   Code   RO         1028    .text               c_w.l(defsig_exit.o)
    0x08000b0e   0x08000b0e   0x00000002   PAD
    0x08000b10   0x08000b10   0x00000034   Code   RO         1030    .text               c_w.l(defsig_rtred_inner.o)
    0x08000b44   0x08000b44   0x0000000c   Code   RO         1038    .text               c_w.l(sys_exit.o)
    0x08000b50   0x08000b50   0x00000000   Code   RO         1049    .text               c_w.l(maybetermalloc1.o)
    0x08000b50   0x08000b50   0x0000000e   Code   RO         1051    .text               c_w.l(h1_init.o)
    0x08000b5e   0x08000b5e   0x00000034   Code   RO         1053    .text               c_w.l(h1_extend.o)
    0x08000b92   0x08000b92   0x00000042   Code   RO         1059    .text               c_w.l(ftell.o)
    0x08000bd4   0x08000bd4   0x00000032   Code   RO         1063    .text               c_w.l(defsig_general.o)
    0x08000c06   0x08000c06   0x0000000e   Code   RO         1065    .text               c_w.l(defsig_rtmem_outer.o)
    0x08000c14   0x08000c14   0x00000002   Code   RO         1082    .text               c_w.l(use_no_semi.o)
    0x08000c16   0x08000c16   0x00000000   Code   RO         1084    .text               c_w.l(indicate_semi.o)
    0x08000c16   0x08000c16   0x00000002   PAD
    0x08000c18   0x08000c18   0x00000050   Code   RO         1089    .text               c_w.l(defsig_rtmem_inner.o)
    0x08000c68   0x08000c68   0x0000005c   Code   RO           56    .text.BH1750_ReadLight  bh1750.o
    0x08000cc4   0x08000cc4   0x00000018   Code   RO           92    .text.Delay_ms      tim2.o
    0x08000cdc   0x08000cdc   0x000000b0   Code   RO          264    .text.GPIO_Init     stm32f10x_gpio.o
    0x08000d8c   0x08000d8c   0x00000004   Code   RO          278    .text.GPIO_ResetBits  stm32f10x_gpio.o
    0x08000d90   0x08000d90   0x00000004   Code   RO          276    .text.GPIO_SetBits  stm32f10x_gpio.o
    0x08000d94   0x08000d94   0x00000060   Code   RO          111    .text.I2C2_LCD_Init  i2c_lcd.o
    0x08000df4   0x08000df4   0x00000130   Code   RO          105    .text.I2C2_Scan_Address  i2c_lcd.o
    0x08000f24   0x08000f24   0x0000001a   Code   RO          115    .text.I2C2_Send_Address  i2c_lcd.o
    0x08000f3e   0x08000f3e   0x00000002   PAD
    0x08000f40   0x08000f40   0x00000014   Code   RO          113    .text.I2C2_Send_Data  i2c_lcd.o
    0x08000f54   0x08000f54   0x00000018   Code   RO          107    .text.I2C2_Send_Start  i2c_lcd.o
    0x08000f6c   0x08000f6c   0x00000012   Code   RO          109    .text.I2C2_Send_Stop  i2c_lcd.o
    0x08000f7e   0x08000f7e   0x00000002   PAD
    0x08000f80   0x08000f80   0x00000012   Code   RO          320    .text.I2C_AcknowledgeConfig  stm32f10x_i2c.o
    0x08000f92   0x08000f92   0x00000002   PAD
    0x08000f94   0x08000f94   0x00000016   Code   RO          358    .text.I2C_CheckEvent  stm32f10x_i2c.o
    0x08000faa   0x08000faa   0x00000002   PAD
    0x08000fac   0x08000fac   0x00000012   Code   RO          310    .text.I2C_Cmd       stm32f10x_i2c.o
    0x08000fbe   0x08000fbe   0x00000002   PAD
    0x08000fc0   0x08000fc0   0x00000012   Code   RO          316    .text.I2C_GenerateSTART  stm32f10x_i2c.o
    0x08000fd2   0x08000fd2   0x00000002   PAD
    0x08000fd4   0x08000fd4   0x00000012   Code   RO          318    .text.I2C_GenerateSTOP  stm32f10x_i2c.o
    0x08000fe6   0x08000fe6   0x00000002   PAD
    0x08000fe8   0x08000fe8   0x000000cc   Code   RO          306    .text.I2C_Init      stm32f10x_i2c.o
    0x080010b4   0x080010b4   0x00000006   Code   RO          332    .text.I2C_ReceiveData  stm32f10x_i2c.o
    0x080010ba   0x080010ba   0x00000002   PAD
    0x080010bc   0x080010bc   0x00000010   Code   RO          334    .text.I2C_Send7bitAddress  stm32f10x_i2c.o
    0x080010cc   0x080010cc   0x00000004   Code   RO          330    .text.I2C_SendData  stm32f10x_i2c.o
    0x080010d0   0x080010d0   0x00000010   Code   RO          127    .text.LCD_Clear     i2c_lcd.o
    0x080010e0   0x080010e0   0x0000003a   Code   RO          121    .text.LCD_Control_Write  i2c_lcd.o
    0x0800111a   0x0800111a   0x00000002   PAD
    0x0800111c   0x0800111c   0x0000003e   Code   RO          123    .text.LCD_Data_Write  i2c_lcd.o
    0x0800115a   0x0800115a   0x00000002   PAD
    0x0800115c   0x0800115c   0x00000098   Code   RO          119    .text.LCD_Init      i2c_lcd.o
    0x080011f4   0x080011f4   0x00000060   Code   RO          131    .text.LCD_Send_Number  i2c_lcd.o
    0x08001254   0x08001254   0x0000001c   Code   RO          125    .text.LCD_Send_String  i2c_lcd.o
    0x08001270   0x08001270   0x00000016   Code   RO          129    .text.LCD_Set_Cursor  i2c_lcd.o
    0x08001286   0x08001286   0x00000002   PAD
    0x08001288   0x08001288   0x00000022   Code   RO          117    .text.LCD_Write_byte  i2c_lcd.o
    0x080012aa   0x080012aa   0x00000002   PAD
    0x080012ac   0x080012ac   0x00000018   Code   RO          424    .text.RCC_APB1PeriphClockCmd  stm32f10x_rcc.o
    0x080012c4   0x080012c4   0x00000018   Code   RO          422    .text.RCC_APB2PeriphClockCmd  stm32f10x_rcc.o
    0x080012dc   0x080012dc   0x000000a0   Code   RO          418    .text.RCC_GetClocksFreq  stm32f10x_rcc.o
    0x0800137c   0x0800137c   0x000000e4   Code   RO           40    .text.Run_Sys       main.o
    0x08001460   0x08001460   0x00000008   Code   RO          719    .text.SetSysClock   system_stm32f10x.o
    0x08001468   0x08001468   0x000000be   Code   RO          723    .text.SetSysClockTo72  system_stm32f10x.o
    0x08001526   0x08001526   0x00000002   PAD
    0x08001528   0x08001528   0x00000056   Code   RO          717    .text.SystemInit    system_stm32f10x.o
    0x0800157e   0x0800157e   0x00000002   PAD
    0x08001580   0x08001580   0x00000026   Code   RO           88    .text.TIM2_IRQHandler  tim2.o
    0x080015a6   0x080015a6   0x00000002   PAD
    0x080015a8   0x080015a8   0x00000040   Code   RO           82    .text.Timer2_Init   tim2.o
    0x080015e8   0x080015e8   0x00000070   Code   RO           10    .text.USART1_IRQHandler  my_usart.o
    0x08001658   0x08001658   0x00000006   Code   RO          694    .text.USART_ClearFlag  stm32f10x_usart.o
    0x0800165e   0x0800165e   0x00000002   PAD
    0x08001660   0x08001660   0x0000000e   Code   RO          698    .text.USART_ClearITPendingBit  stm32f10x_usart.o
    0x0800166e   0x0800166e   0x00000002   PAD
    0x08001670   0x08001670   0x00000012   Code   RO          652    .text.USART_Cmd     stm32f10x_usart.o
    0x08001682   0x08001682   0x00000002   PAD
    0x08001684   0x08001684   0x0000000a   Code   RO          692    .text.USART_GetFlagStatus  stm32f10x_usart.o
    0x0800168e   0x0800168e   0x00000002   PAD
    0x08001690   0x08001690   0x0000003a   Code   RO          696    .text.USART_GetITStatus  stm32f10x_usart.o
    0x080016ca   0x080016ca   0x00000002   PAD
    0x080016cc   0x080016cc   0x0000002e   Code   RO          654    .text.USART_ITConfig  stm32f10x_usart.o
    0x080016fa   0x080016fa   0x00000002   PAD
    0x080016fc   0x080016fc   0x000000b2   Code   RO          644    .text.USART_Init    stm32f10x_usart.o
    0x080017ae   0x080017ae   0x00000002   PAD
    0x080017b0   0x080017b0   0x00000008   Code   RO          670    .text.USART_ReceiveData  stm32f10x_usart.o
    0x080017b8   0x080017b8   0x00000008   Code   RO          668    .text.USART_SendData  stm32f10x_usart.o
    0x080017c0   0x080017c0   0x0000000e   Code   RO            6    .text.__NVIC_EnableIRQ  my_usart.o
    0x080017ce   0x080017ce   0x00000002   PAD
    0x080017d0   0x080017d0   0x00000010   Code   RO           86    .text.__NVIC_EnableIRQ  tim2.o
    0x080017e0   0x080017e0   0x0000000e   Code   RO            8    .text.__NVIC_SetPriority  my_usart.o
    0x080017ee   0x080017ee   0x00000002   PAD
    0x080017f0   0x080017f0   0x0000000e   Code   RO           84    .text.__NVIC_SetPriority  tim2.o
    0x080017fe   0x080017fe   0x00000002   PAD
    0x08001800   0x08001800   0x00000012   Code   RO          149    .text._sys_close    retarget_io.o
    0x08001812   0x08001812   0x00000002   PAD
    0x08001814   0x08001814   0x00000004   Code   RO          165    .text._sys_flen     retarget_io.o
    0x08001818   0x08001818   0x00000010   Code   RO          161    .text._sys_istty    retarget_io.o
    0x08001828   0x08001828   0x00000064   Code   RO          147    .text._sys_open     retarget_io.o
    0x0800188c   0x0800188c   0x00000006   Code   RO          163    .text._sys_seek     retarget_io.o
    0x08001892   0x08001892   0x00000002   PAD
    0x08001894   0x08001894   0x0000002a   Code   RO          151    .text._sys_write    retarget_io.o
    0x080018be   0x080018be   0x00000002   PAD
    0x080018c0   0x080018c0   0x00000004   Code   RO          159    .text._ttywrch      retarget_io.o
    0x080018c4   0x080018c4   0x0000007a   Code   RO           54    .text.bh1750_init   bh1750.o
    0x0800193e   0x0800193e   0x00000002   PAD
    0x08001940   0x08001940   0x00000006   Code   RO           20    .text.convert_int_to_char  my_usart.o
    0x08001946   0x08001946   0x00000002   PAD
    0x08001948   0x08001948   0x00000024   Code   RO            2    .text.fputc         my_usart.o
    0x0800196c   0x0800196c   0x00000040   Code   RO           60    .text.i2c_read_multi_byte_no_reg  bh1750.o
    0x080019ac   0x080019ac   0x00000024   Code   RO           68    .text.i2c_receive_a_byte_ack  bh1750.o
    0x080019d0   0x080019d0   0x00000024   Code   RO           66    .text.i2c_receive_a_byte_nack  bh1750.o
    0x080019f4   0x080019f4   0x0000001e   Code   RO           72    .text.i2c_standard_send_a_byte  bh1750.o
    0x08001a12   0x08001a12   0x00000002   PAD
    0x08001a14   0x08001a14   0x00000038   Code   RO           58    .text.i2c_write_one_byte_no_reg  bh1750.o
    0x08001a4c   0x08001a4c   0x0000008c   Code   RO           38    .text.main          main.o
    0x08001ad8   0x08001ad8   0x0000000c   Code   RO           90    .text.millis        tim2.o
    0x08001ae4   0x08001ae4   0x00000094   Code   RO           16    .text.printf_num    my_usart.o
    0x08001b78   0x08001b78   0x0000002e   Code   RO           14    .text.printf_string  my_usart.o
    0x08001ba6   0x08001ba6   0x00000002   PAD
    0x08001ba8   0x08001ba8   0x00000022   Code   RO           18    .text.send_char     my_usart.o
    0x08001bca   0x08001bca   0x00000002   PAD
    0x08001bcc   0x08001bcc   0x0000003e   Code   RO           64    .text.set_i2c_7bit_address  bh1750.o
    0x08001c0a   0x08001c0a   0x00000002   PAD
    0x08001c0c   0x08001c0c   0x0000001e   Code   RO           62    .text.start_i2c     bh1750.o
    0x08001c2a   0x08001c2a   0x00000002   PAD
    0x08001c2c   0x08001c2c   0x00000004   Code   RO          153    .text.stdout_putchar  retarget_io.o
    0x08001c30   0x08001c30   0x0000000a   Code   RO           70    .text.stop_i2c      bh1750.o
    0x08001c3a   0x08001c3a   0x00000002   PAD
    0x08001c3c   0x08001c3c   0x00000118   Code   RO           12    .text.uart_handle_command  my_usart.o
    0x08001d54   0x08001d54   0x000000cc   Code   RO            4    .text.usart1_cfg_A9A10  my_usart.o
    0x08001e20   0x08001e20   0x0000002c   Code   RO          918    locale$$code        c_w.l(lc_ctype_c.o)
    0x08001e4c   0x08001e4c   0x000002b0   Code   RO          749    x$fpl$ddiv          fz_ws.l(ddiv.o)
    0x080020fc   0x080020fc   0x0000005e   Code   RO          752    x$fpl$dfix          fz_ws.l(dfix.o)
    0x0800215a   0x0800215a   0x0000002e   Code   RO          757    x$fpl$dflt          fz_ws.l(dflt_clz.o)
    0x08002188   0x08002188   0x0000009c   Code   RO          796    x$fpl$dnaninf       fz_ws.l(dnaninf.o)
    0x08002224   0x08002224   0x0000000c   Code   RO          798    x$fpl$dretinf       fz_ws.l(dretinf.o)
    0x08002230   0x08002230   0x00000000   Code   RO          810    x$fpl$usenofp       fz_ws.l(usenofp.o)
    0x08002230   0x08002230   0x00000004   Data   RO          443    .rodata.ADCPrescTable  stm32f10x_rcc.o
    0x08002234   0x08002234   0x00000010   Data   RO          442    .rodata.APBAHBPrescTable  stm32f10x_rcc.o
    0x08002244   0x08002244   0x00000008   Data   RO          169    .rodata.__stderr_name  retarget_io.o
    0x0800224c   0x0800224c   0x00000007   Data   RO          167    .rodata.__stdin_name  retarget_io.o
    0x08002253   0x08002253   0x00000008   Data   RO          168    .rodata.__stdout_name  retarget_io.o
    0x0800225b   0x0800225b   0x0000002f   Data   RO           28    .rodata.str1.1      my_usart.o
    0x0800228a   0x0800228a   0x00000009   Data   RO           44    .rodata.str1.1      main.o
    0x08002293   0x08002293   0x00000001   PAD
    0x08002294   0x08002294   0x00000020   Data   RO         1115    Region$$Table       anon$$obj.o
    0x080022b4   0x080022b4   0x00000110   Data   RO          917    locale$$data        c_w.l(lc_ctype_c.o)


    Execution Region RW_IRAM1 (Exec base: 0x20000000, Load base: 0x080023c8, Size: 0x00000798, Max: 0x00005000, ABSOLUTE)

    Exec Addr    Load Addr    Size         Type   Attr      Idx    E Section Name        Object

    0x20000000   0x080023c8   0x00000004   Data   RW          793    .data               c_w.l(stdio_streams.o)
    0x20000004   0x080023cc   0x00000004   Data   RW          794    .data               c_w.l(stdio_streams.o)
    0x20000008   0x080023d0   0x00000004   Data   RW          795    .data               c_w.l(stdio_streams.o)
    0x2000000c   0x080023d4   0x00000002   Data   RW           22    .data.light_threshold  my_usart.o
    0x2000000e   0x080023d6   0x00000002   PAD
    0x20000010        -       0x00000054   Zero   RW          790    .bss                c_w.l(stdio_streams.o)
    0x20000064        -       0x00000054   Zero   RW          791    .bss                c_w.l(stdio_streams.o)
    0x200000b8        -       0x00000054   Zero   RW          792    .bss                c_w.l(stdio_streams.o)
    0x2000010c        -       0x00000060   Zero   RW          812    .bss                c_w.l(libspace.o)
    0x2000016c        -       0x00000017   Zero   RW           27    .bss.RX_Buffer      my_usart.o
    0x20000183        -       0x00000001   Zero   RW           24    .bss.RX_available   my_usart.o
    0x20000184        -       0x00000001   Zero   RW           25    .bss.RX_index       my_usart.o
    0x20000185   0x080023d6   0x00000003   PAD
    0x20000188        -       0x00000004   Zero   RW           96    .bss.counter_ms     tim2.o
    0x2000018c        -       0x00000004   Zero   RW           42    .bss.last_sample_time  main.o
    0x20000190        -       0x00000001   Zero   RW          138    .bss.lcd_address    i2c_lcd.o
    0x20000191   0x080023d6   0x00000001   PAD
    0x20000192        -       0x00000002   Zero   RW           29    .bss.light          my_usart.o
    0x20000194        -       0x00000002   Zero   RW           26    .bss.receive_length  my_usart.o
    0x20000196   0x080023d6   0x00000002   PAD
    0x20000198        -       0x00000200   Zero   RW          708    HEAP                startup_stm32f10x_md.o
    0x20000398        -       0x00000400   Zero   RW          707    STACK               startup_stm32f10x_md.o


==============================================================================

Image component sizes


      Code (inc. data)   RO Data    RW Data    ZI Data      Debug   Object Name

       538          8          0          0          0       4623   bh1750.o
       956        132          0          0          1       5129   i2c_lcd.o
       368        108          9          0          4       1213   main.o
       894         92         47          2         29       6878   my_usart.o
       194         24         23          0          0       2805   retarget_io.o
        64         26        236          0       1536        820   startup_stm32f10x_md.o
       184          0          0          0          0       5874   stm32f10x_gpio.o
       324          0          0          0          0       8422   stm32f10x_i2c.o
       208          0         20          0          0       7690   stm32f10x_rcc.o
       346          0          0          0          0       7958   stm32f10x_usart.o
       284          0          0          0          0       2802   system_stm32f10x.o
       168          0          0          0          4       4780   tim2.o

    ----------------------------------------------------------------------
      4600        390        368          4       1580      58994   Object Totals
         0          0         32          0          0          0   (incl. Generated)
        72          0          1          2          6          0   (incl. Padding)

    ----------------------------------------------------------------------

      Code (inc. data)   RO Data    RW Data    ZI Data      Debug   Library Member Name

         8          0          0          0          0         68   __main.o
         0          0          0          0          0          0   __rtentry.o
        12          0          0          0          0          0   __rtentry2.o
         6          0          0          0          0          0   __rtentry4.o
        52          8          0          0          0          0   __scatter.o
        26          0          0          0          0          0   __scatter_copy.o
        28          0          0          0          0          0   __scatter_zi.o
        28          0          0          0          0         68   _chval.o
       158          0          0          0          0         92   _strtoul.o
        26          0          0          0          0         80   atoi.o
        10          0          0          0          0         68   defsig_exit.o
        50          0          0          0          0         88   defsig_general.o
        80         58          0          0          0         76   defsig_rtmem_inner.o
        14          0          0          0          0         80   defsig_rtmem_outer.o
        52         38          0          0          0         76   defsig_rtred_inner.o
        14          0          0          0          0         80   defsig_rtred_outer.o
        18          0          0          0          0         80   exit.o
        76          0          0          0          0         88   fclose.o
       240          6          0          0          0        128   fopen.o
       248          6          0          0          0         84   fseek.o
        66          0          0          0          0         76   ftell.o
        94          0          0          0          0         80   h1_alloc.o
        52          0          0          0          0         68   h1_extend.o
        78          0          0          0          0         80   h1_free.o
        14          0          0          0          0         84   h1_init.o
         6          0          0          0          0        152   heapauxi.o
         4          0          0          0          0        136   hguard.o
         0          0          0          0          0          0   indicate_semi.o
       138          0          0          0          0        168   init_alloc.o
       312         46          0          0          0        112   initio.o
        44         10        272          0          0         76   lc_ctype_c.o
         2          0          0          0          0          0   libinit.o
        32          0          0          0          0          0   libinit2.o
         2          0          0          0          0          0   libshutdown.o
         6          0          0          0          0          0   libshutdown2.o
         8          4          0          0         96         68   libspace.o
         0          0          0          0          0          0   maybetermalloc1.o
        88          0          0          0          0         76   memcmp.o
        44          4          0          0          0         84   puts.o
        16          4          0          0          0         76   rt_ctype_table.o
         8          4          0          0          0         68   rt_errno_addr_intlibspace.o
         8          4          0          0          0         68   rt_heap_descriptor_intlibspace.o
         8          4          0          0          0         68   rt_locale_intlibspace.o
        78          0          0          0          0         80   rt_memclr_w.o
         2          0          0          0          0          0   rtexit.o
        10          0          0          0          0          0   rtexit2.o
        70          0          0          0          0         80   setvbuf.o
       240          6          0          0          0        156   stdio.o
         0          0          0         12        252          0   stdio_streams.o
       128          0          0          0          0         68   strcmpv7m.o
       112          0          0          0          0         88   strtol.o
        12          4          0          0          0         68   sys_exit.o
        74          0          0          0          0         80   sys_stackheap_outer.o
         2          0          0          0          0         68   use_no_semi.o
       688        140          0          0          0        216   ddiv.o
        94          4          0          0          0         92   dfix.o
        46          0          0          0          0         68   dflt_clz.o
       156          4          0          0          0         92   dnaninf.o
        12          0          0          0          0         68   dretinf.o
         0          0          0          0          0          0   usenofp.o

    ----------------------------------------------------------------------
      3916        354        272         12        348       3920   Library Totals
        16          0          0          0          0          0   (incl. Padding)

    ----------------------------------------------------------------------

      Code (inc. data)   RO Data    RW Data    ZI Data      Debug   Library Name

      2904        206        272         12        348       3384   c_w.l
       996        148          0          0          0        536   fz_ws.l

    ----------------------------------------------------------------------
      3916        354        272         12        348       3920   Library Totals

    ----------------------------------------------------------------------

==============================================================================


      Code (inc. data)   RO Data    RW Data    ZI Data      Debug   

      8516        744        640         16       1928      60670   Grand Totals
      8516        744        640         16       1928      60670   ELF Image Totals
      8516        744        640         16          0          0   ROM Totals

==============================================================================

    Total RO  Size (Code + RO Data)                 9156 (   8.94kB)
    Total RW  Size (RW Data + ZI Data)              1944 (   1.90kB)
    Total ROM Size (Code + RO Data + RW Data)       9172 (   8.96kB)

==============================================================================

