<html>
<body>
<pre>
<h1>µVision Build Log</h1>
<h2>Tool Versions:</h2>
IDE-Version: µVision V5.38.0.0
Copyright (C) 2022 ARM Ltd and ARM Germany GmbH. All rights reserved.
License Information: Qunz Ng, P, LIC=76F5U-SB5WI-63JMB-2P2FK-J8CHK-LSFBA
 
Tool Versions:
Toolchain:       MDK-ARM Plus  Version: 5.38.0.0
Toolchain Path:  C:\Keil_v5\ARM\ARMCLANG\Bin
C Compiler:      ArmClang.exe V6.19
Assembler:       Armasm.exe V6.19
Linker/Locator:  ArmLink.exe V6.19
Library Manager: ArmAr.exe V6.19
Hex Converter:   FromElf.exe V6.19
CPU DLL:         SARMCM3.DLL V5.38.0.0
Dialog DLL:      DARMSTM.DLL V1.69.1.0
Target DLL:      STLink\ST-LINKIII-KEIL_SWO.dll V3.1.0.0
Dialog DLL:      TARMSTM.DLL V1.67.1.0
 
<h2>Project:</h2>
D:\STM32_PROJECT\Tranh vat can\MDK\tranhvatcan.uvprojx
Project File Date:  09/12/2024

<h2>Output:</h2>
*** Using Compiler 'V6.19', folder: 'C:\Keil_v5\ARM\ARMCLANG\Bin'
Rebuild target 'Target 1'
../USER/main.c(1): warning: In file included from...
../USER/sys.h(8): warning: In file included from...
../USER/math.h(9): warning: incompatible redeclaration of library function 'abs' [-Wincompatible-library-redeclaration]
float abs(float number);
      ^
../USER/math.h(9): note: 'abs' is a builtin with type 'int (int)'
1 warning generated.
compiling main.c...
compiling delay.c...
compiling motor.c...
../USER/math.c(1): warning: In file included from...
../USER/math.h(9): warning: incompatible redeclaration of library function 'abs' [-Wincompatible-library-redeclaration]
float abs(float number);
      ^
../USER/math.h(9): note: 'abs' is a builtin with type 'int (int)'
1 warning generated.
compiling math.c...
../USER/ir_sensor.c(1): warning: In file included from...
../USER/ir_sensor.h(8): warning: In file included from...
../USER/kalman_filter.h(8): warning: In file included from...
../USER/math.h(9): warning: incompatible redeclaration of library function 'abs' [-Wincompatible-library-redeclaration]
float abs(float number);
      ^
../USER/math.h(9): note: 'abs' is a builtin with type 'int (int)'
1 warning generated.
compiling ir_sensor.c...
../USER/sys.c(1): warning: In file included from...
../USER/sys.h(8): warning: In file included from...
../USER/math.h(9): warning: incompatible redeclaration of library function 'abs' [-Wincompatible-library-redeclaration]
float abs(float number);
      ^
../USER/math.h(9): note: 'abs' is a builtin with type 'int (int)'
../USER/sys.c(83): warning: expression which evaluates to zero treated as a null pointer constant of type 'uint8_t *' (aka 'unsigned char *') [-Wnon-literal-null-conversion]
                yaw = Get_yaw(FALSE); // Get yaw
                              ^~~~~
2 warnings generated.
compiling sys.c...
../USER/kalman_filter.c(1): warning: In file included from...
../USER/kalman_filter.h(8): warning: In file included from...
../USER/math.h(9): warning: incompatible redeclaration of library function 'abs' [-Wincompatible-library-redeclaration]
float abs(float number);
      ^
../USER/math.h(9): note: 'abs' is a builtin with type 'int (int)'
1 warning generated.
compiling kalman_filter.c...
compiling misc.c...
compiling MPU6050.c...
compiling stm32f10x_adc.c...
compiling stm32f10x_exti.c...
compiling stm32f10x_gpio.c...
compiling stm32f10x_i2c.c...
compiling stm32f10x_rcc.c...
assembling startup_stm32f10x_md.s...
compiling stm32f10x_usart.c...
compiling stm32f10x_tim.c...
compiling system_stm32f10x.c...
linking...
Program Size: Code=16696 RO-data=332 RW-data=16 ZI-data=1912  
FromELF: creating hex file...
".\micromouse.axf" - 0 Error(s), 6 Warning(s).

<h2>Software Packages used:</h2>

Package Vendor: ARM
                http://www.keil.com/pack/ARM.CMSIS.5.9.0.pack
                ARM.CMSIS.5.9.0
                CMSIS (Common Microcontroller Software Interface Standard)
   * Component: CORE Version: 5.6.0

Package Vendor: Keil
                https://www.keil.com/pack/Keil.STM32F1xx_DFP.2.4.1.pack
                Keil.STM32F1xx_DFP.2.4.1
                STMicroelectronics STM32F1 Series Device Support, Drivers and Examples
   * Component: Startup Version: 1.0.0
   * Component: ADC Version: 3.6.0
   * Component: EXTI Version: 3.6.0
   * Component: Framework Version: 3.6.0
   * Component: GPIO Version: 3.6.0
   * Component: I2C Version: 3.6.0
   * Component: RCC Version: 3.6.0
   * Component: TIM Version: 3.6.0
   * Component: USART Version: 3.6.0

<h2>Collection of Component include folders:</h2>
  ./RTE/Device/STM32F103C8
  ./RTE/_Target_1
  C:/Users/admin/AppData/Local/Arm/Packs/ARM/CMSIS/5.9.0/CMSIS/Core/Include
  C:/Users/admin/AppData/Local/Arm/Packs/Keil/STM32F1xx_DFP/2.4.1/Device/Include
  C:/Users/admin/AppData/Local/Arm/Packs/Keil/STM32F1xx_DFP/2.4.1/Device/StdPeriph_Driver/inc

<h2>Collection of Component Files used:</h2>

   * Component: ARM::CMSIS:CORE:5.6.0

   * Component: Keil::Device:Startup:1.0.0
      Source file:   Device/Source/system_stm32f10x.c
      Include file:  RTE_Driver/Config/RTE_Device.h
      Source file:   Device/Source/ARM/STM32F1xx_OPT.s
      Source file:   Device/Source/ARM/startup_stm32f10x_md.s

   * Component: Keil::Device:StdPeriph Drivers:ADC:3.6.0
      Source file:   Device/StdPeriph_Driver/src/stm32f10x_adc.c
      Include file:  Device/StdPeriph_Driver/inc/stm32f10x_adc.h

   * Component: Keil::Device:StdPeriph Drivers:EXTI:3.6.0
      Include file:  Device/StdPeriph_Driver/inc/stm32f10x_exti.h
      Source file:   Device/StdPeriph_Driver/src/stm32f10x_exti.c

   * Component: Keil::Device:StdPeriph Drivers:Framework:3.6.0
      Source file:   Device/StdPeriph_Driver/templates/stm32f10x_conf.h
      Include file:  Device/StdPeriph_Driver/templates/stm32f10x_it.h
      Include file:  Device/StdPeriph_Driver/inc/misc.h
      Source file:   Device/StdPeriph_Driver/templates/stm32f10x_it.c
      Source file:   Device/StdPeriph_Driver/src/misc.c

   * Component: Keil::Device:StdPeriph Drivers:GPIO:3.6.0
      Source file:   Device/StdPeriph_Driver/src/stm32f10x_gpio.c
      Include file:  Device/StdPeriph_Driver/inc/stm32f10x_gpio.h

   * Component: Keil::Device:StdPeriph Drivers:I2C:3.6.0
      Include file:  Device/StdPeriph_Driver/inc/stm32f10x_i2c.h
      Source file:   Device/StdPeriph_Driver/src/stm32f10x_i2c.c

   * Component: Keil::Device:StdPeriph Drivers:RCC:3.6.0
      Include file:  Device/StdPeriph_Driver/inc/stm32f10x_rcc.h
      Source file:   Device/StdPeriph_Driver/src/stm32f10x_rcc.c

   * Component: Keil::Device:StdPeriph Drivers:TIM:3.6.0
      Source file:   Device/StdPeriph_Driver/src/stm32f10x_tim.c
      Include file:  Device/StdPeriph_Driver/inc/stm32f10x_tim.h

   * Component: Keil::Device:StdPeriph Drivers:USART:3.6.0
      Include file:  Device/StdPeriph_Driver/inc/stm32f10x_usart.h
      Source file:   Device/StdPeriph_Driver/src/stm32f10x_usart.c
Build Time Elapsed:  00:00:07
</pre>
</body>
</html>
